--------- beginning of crash
07-13 00:42:09.622 27092 27092 E AndroidRuntime: FATAL EXCEPTION: main
07-13 00:42:09.622 27092 27092 E AndroidRuntime: Process: com.android.vending, PID: 27092
07-13 00:42:09.622 27092 27092 E AndroidRuntime: java.util.ConcurrentModificationException
07-13 00:42:09.622 27092 27092 E AndroidRuntime: 	at java.util.ArrayList$Itr.next(ArrayList.java:860)
07-13 00:42:09.622 27092 27092 E AndroidRuntime: 	at see.f(PG:19)
07-13 00:42:09.622 27092 27092 E AndroidRuntime: 	at see.iz(PG:1)
07-13 00:42:09.622 27092 27092 E AndroidRuntime: 	at sdx.s(PG:22)
07-13 00:42:09.622 27092 27092 E AndroidRuntime: 	at sds.c(PG:7)
07-13 00:42:09.622 27092 27092 E AndroidRuntime: 	at advp.hl(PG:5)
07-13 00:42:09.622 27092 27092 E AndroidRuntime: 	at mzq.k(PG:81)
07-13 00:42:09.622 27092 27092 E AndroidRuntime: 	at lzk.run(PG:23)
07-13 00:42:09.622 27092 27092 E AndroidRuntime: 	at android.os.Handler.handleCallback(Handler.java:938)
07-13 00:42:09.622 27092 27092 E AndroidRuntime: 	at android.os.Handler.dispatchMessage(Handler.java:99)
07-13 00:42:09.622 27092 27092 E AndroidRuntime: 	at android.os.Looper.loopOnce(Looper.java:226)
07-13 00:42:09.622 27092 27092 E AndroidRuntime: 	at android.os.Looper.loop(Looper.java:313)
07-13 00:42:09.622 27092 27092 E AndroidRuntime: 	at android.app.ActivityThread.main(ActivityThread.java:8663)
07-13 00:42:09.622 27092 27092 E AndroidRuntime: 	at java.lang.reflect.Method.invoke(Native Method)
07-13 00:42:09.622 27092 27092 E AndroidRuntime: 	at com.android.internal.os.RuntimeInit$MethodAndArgsCaller.run(RuntimeInit.java:571)
07-13 00:42:09.622 27092 27092 E AndroidRuntime: 	at com.android.internal.os.ZygoteInit.main(ZygoteInit.java:1135)
07-13 17:55:15.051  5318  5318 F libc    : Fatal signal 11 (SIGSEGV), code 1 (SEGV_MAPERR), fault addr 0x7700002074 in tid 5318 (ideas.instashot), pid 5318 (ideas.instashot)
07-13 17:55:16.233  5390  5390 F DEBUG   : *** *** *** *** *** *** *** *** *** *** *** *** *** *** *** ***
07-13 17:55:16.233  5390  5390 F DEBUG   : Build fingerprint: 'samsung/a31xx/a31:12/SP1A.210812.016/A315FXXS5DXB3:user/release-keys'
07-13 17:55:16.233  5390  5390 F DEBUG   : Revision: '3'
07-13 17:55:16.233  5390  5390 F DEBUG   : ABI: 'arm64'
07-13 17:55:16.233  5390  5390 F DEBUG   : Processor: '7'
07-13 17:55:16.233  5390  5390 F DEBUG   : Timestamp: 2025-07-13 17:55:15.166217606+0530
07-13 17:55:16.234  5390  5390 F DEBUG   : Process uptime: 2s
07-13 17:55:16.234  5390  5390 F DEBUG   : Cmdline: com.camerasideas.instashot
07-13 17:55:16.234  5390  5390 F DEBUG   : pid: 5318, tid: 5318, name: ideas.instashot  >>> com.camerasideas.instashot <<<
07-13 17:55:16.234  5390  5390 F DEBUG   : uid: 10364
07-13 17:55:16.234  5390  5390 F DEBUG   : signal 11 (SIGSEGV), code 1 (SEGV_MAPERR), fault addr 0x7700002074
07-13 17:55:16.234  5390  5390 F DEBUG   :     x0  0000000070e639e0  x1  b40000785f50dc00  x2  0000007fef83ed10  x3  000000772f995006
07-13 17:55:16.234  5390  5390 F DEBUG   :     x4  000000000000306e  x5  0000007fef83ec58  x6  3b676e697274532f  x7  0000000000000000
07-13 17:55:16.234  5390  5390 F DEBUG   :     x8  0000007700002068  x9  0000000000000000  x10 0000000000000001  x11 b40000785f498e80
07-13 17:55:16.234  5390  5390 F DEBUG   :     x12 00000077ad616000  x13 0000000000000008  x14 00000077accd24f0  x15 0000007fef83ed44
07-13 17:55:16.234  5390  5390 F DEBUG   :     x16 00000077ad40f078  x17 000000783f32d3c0  x18 0000007860946000  x19 b40000785f4d9b40
07-13 17:55:16.234  5390  5390 F DEBUG   :     x20 0000000000000002  x21 0000000000000008  x22 b40000785f50dc00  x23 0000000000000000
07-13 17:55:16.234  5390  5390 F DEBUG   :     x24 0000000071904a70  x25 00000077ad615000  x26 0000000000000003  x27 b40000785f50dc00
07-13 17:55:16.234  5390  5390 F DEBUG   :     x28 000000000000306e  x29 0000007fef83e9d0
07-13 17:55:16.234  5390  5390 F DEBUG   :     lr  00000077ace2f970  sp  0000007fef83e8d0  pc  00000077ad162c48  pst 0000000020000000
07-13 17:55:16.234  5390  5390 F DEBUG   : backtrace:
07-13 17:55:16.234  5390  5390 F DEBUG   :       #00 pc 0000000000562c48  /apex/com.android.art/lib64/libart.so (bool art::interpreter::DoCall<false, true>(art::ArtMethod*, art::Thread*, art::ShadowFrame&, art::Instruction const*, unsigned short, art::JValue*)+352) (BuildId: a49c773ef6221a996ecea990e9753caa)
07-13 17:55:16.234  5390  5390 F DEBUG   :       #01 pc 000000000022f96c  /apex/com.android.art/lib64/libart.so (void art::interpreter::ExecuteSwitchImplCpp<true, false>(art::interpreter::SwitchImplContext*)+1784) (BuildId: a49c773ef6221a996ecea990e9753caa)
07-13 17:55:16.234  5390  5390 F DEBUG   :       #02 pc 00000000004405d8  /apex/com.android.art/lib64/libart.so (ExecuteSwitchImplAsm+8) (BuildId: a49c773ef6221a996ecea990e9753caa)
07-13 17:55:16.234  5390  5390 F DEBUG   :       #03 pc 0000000000ffefec  /data/app/com.camerasideas.instashot-hM-OOeU5AvMEdmIcrsKdUA==/oat/arm64/base.vdex (com.google.firebase.crashlytics.h.j.h.a+0)
07-13 17:55:16.234  5390  5390 F DEBUG   :       #04 pc 0000000000563f04  /apex/com.android.art/lib64/libart.so (art::interpreter::ArtInterpreterToInterpreterBridge(art::Thread*, art::CodeItemDataAccessor const&, art::ShadowFrame*, art::JValue*)+512) (BuildId: a49c773ef6221a996ecea990e9753caa)
07-13 17:55:16.234  5390  5390 F DEBUG   :       #05 pc 00000000005635f8  /apex/com.android.art/lib64/libart.so (bool art::interpreter::DoCall<false, true>(art::ArtMethod*, art::Thread*, art::ShadowFrame&, art::Instruction const*, unsigned short, art::JValue*)+2832) (BuildId: a49c773ef6221a996ecea990e9753caa)
07-13 17:55:16.234  5390  5390 F DEBUG   :       #06 pc 000000000022fcfc  /apex/com.android.art/lib64/libart.so (void art::interpreter::ExecuteSwitchImplCpp<true, false>(art::interpreter::SwitchImplContext*)+2696) (BuildId: a49c773ef6221a996ecea990e9753caa)
07-13 17:55:16.235  5390  5390 F DEBUG   :       #07 pc 00000000004405d8  /apex/com.android.art/lib64/libart.so (ExecuteSwitchImplAsm+8) (BuildId: a49c773ef6221a996ecea990e9753caa)
07-13 17:55:16.235  5390  5390 F DEBUG   :       #08 pc 0000000000ffcff8  /data/app/com.camerasideas.instashot-hM-OOeU5AvMEdmIcrsKdUA==/oat/arm64/base.vdex (com.google.firebase.crashlytics.FirebaseCrashlytics.a+0)
07-13 17:55:16.235  5390  5390 F DEBUG   :       #09 pc 00000000004717d4  /apex/com.android.art/lib64/libart.so (art::interpreter::Execute(art::Thread*, art::CodeItemDataAccessor const&, art::ShadowFrame&, art::JValue, bool, bool) (.__uniq.112435418011751916792819755956732575238.llvm.15953120228497039992)+396) (BuildId: a49c773ef6221a996ecea990e9753caa)
07-13 17:55:16.235  5390  5390 F DEBUG   :       #10 pc 0000000000470e38  /apex/com.android.art/lib64/libart.so (artQuickToInterpreterBridge+1104) (BuildId: a49c773ef6221a996ecea990e9753caa)
07-13 17:55:16.235  5390  5390 F DEBUG   :       #11 pc 000000000043de88  /apex/com.android.art/lib64/libart.so (art_quick_to_interpreter_bridge+88) (BuildId: a49c773ef6221a996ecea990e9753caa)
07-13 17:55:16.235  5390  5390 F DEBUG   :       #12 pc 0000000000209398  /apex/com.android.art/lib64/libart.so (nterp_helper+152) (BuildId: a49c773ef6221a996ecea990e9753caa)
07-13 17:55:16.235  5390  5390 F DEBUG   :       #13 pc 0000000000ffceac  /data/app/com.camerasideas.instashot-hM-OOeU5AvMEdmIcrsKdUA==/oat/arm64/base.vdex (com.google.firebase.crashlytics.CrashlyticsRegistrar.a+56)
07-13 17:55:16.235  5390  5390 F DEBUG   :       #14 pc 000000000020a254  /apex/com.android.art/lib64/libart.so (nterp_helper+3924) (BuildId: a49c773ef6221a996ecea990e9753caa)
07-13 17:55:16.235  5390  5390 F DEBUG   :       #15 pc 0000000000ffceba  /data/app/com.camerasideas.instashot-hM-OOeU5AvMEdmIcrsKdUA==/oat/arm64/base.vdex (com.google.firebase.crashlytics.CrashlyticsRegistrar.a+0)
07-13 17:55:16.235  5390  5390 F DEBUG   :       #16 pc 0000000000209334  /apex/com.android.art/lib64/libart.so (nterp_helper+52) (BuildId: a49c773ef6221a996ecea990e9753caa)
07-13 17:55:16.235  5390  5390 F DEBUG   :       #17 pc 0000000000ffd3c8  /data/app/com.camerasideas.instashot-hM-OOeU5AvMEdmIcrsKdUA==/oat/arm64/base.vdex (com.google.firebase.crashlytics.d.a+4)
07-13 17:55:16.235  5390  5390 F DEBUG   :       #18 pc 000000000020b074  /apex/com.android.art/lib64/libart.so (nterp_helper+7540) (BuildId: a49c773ef6221a996ecea990e9753caa)
07-13 17:55:16.235  5390  5390 F DEBUG   :       #19 pc 0000000000ffc43a  /data/app/com.camerasideas.instashot-hM-OOeU5AvMEdmIcrsKdUA==/oat/arm64/base.vdex (com.google.firebase.components.s.a+18)
07-13 17:55:16.235  5390  5390 F DEBUG   :       #20 pc 000000000020a254  /apex/com.android.art/lib64/libart.so (nterp_helper+3924) (BuildId: a49c773ef6221a996ecea990e9753caa)
07-13 17:55:16.235  5390  5390 F DEBUG   :       #21 pc 0000000000ffb59a  /data/app/com.camerasideas.instashot-hM-OOeU5AvMEdmIcrsKdUA==/oat/arm64/base.vdex (com.google.firebase.components.e.get+8)
07-13 17:55:16.235  5390  5390 F DEBUG   :       #22 pc 000000000020b074  /apex/com.android.art/lib64/libart.so (nterp_helper+7540) (BuildId: a49c773ef6221a996ecea990e9753caa)
07-13 17:55:16.235  5390  5390 F DEBUG   :       #23 pc 0000000000ffce3a  /data/app/com.camerasideas.instashot-hM-OOeU5AvMEdmIcrsKdUA==/oat/arm64/base.vdex (com.google.firebase.components.z.get+30)
07-13 17:55:16.235  5390  5390 F DEBUG   :       #24 pc 000000000020b074  /apex/com.android.art/lib64/libart.so (nterp_helper+7540) (BuildId: a49c773ef6221a996ecea990e9753caa)
07-13 17:55:16.235  5390  5390 F DEBUG   :       #25 pc 0000000000ffc0b2  /data/app/com.camerasideas.instashot-hM-OOeU5AvMEdmIcrsKdUA==/oat/arm64/base.vdex (com.google.firebase.components.s.a+92)
07-13 17:55:16.235  5390  5390 F DEBUG   :       #26 pc 000000000020a254  /apex/com.android.art/lib64/libart.so (nterp_helper+3924) (BuildId: a49c773ef6221a996ecea990e9753caa)
07-13 17:55:16.235  5390  5390 F DEBUG   :       #27 pc 0000000000ffc476  /data/app/com.camerasideas.instashot-hM-OOeU5AvMEdmIcrsKdUA==/oat/arm64/base.vdex (com.google.firebase.components.s.a+46)
07-13 17:55:16.236  5390  5390 F DEBUG   :       #28 pc 000000000020a254  /apex/com.android.art/lib64/libart.so (nterp_helper+3924) (BuildId: a49c773ef6221a996ecea990e9753caa)
07-13 17:55:16.236  5390  5390 F DEBUG   :       #29 pc 0000000000ff9b98  /data/app/com.camerasideas.instashot-hM-OOeU5AvMEdmIcrsKdUA==/oat/arm64/base.vdex (com.google.firebase.FirebaseApp.j+124)
07-13 17:55:16.236  5390  5390 F DEBUG   :       #30 pc 000000000020a254  /apex/com.android.art/lib64/libart.so (nterp_helper+3924) (BuildId: a49c773ef6221a996ecea990e9753caa)
07-13 17:55:16.236  5390  5390 F DEBUG   :       #31 pc 0000000000ff9994  /data/app/com.camerasideas.instashot-hM-OOeU5AvMEdmIcrsKdUA==/oat/arm64/base.vdex (com.google.firebase.FirebaseApp.a+146)
07-13 17:55:16.236  5390  5390 F DEBUG   :       #32 pc 0000000000209334  /apex/com.android.art/lib64/libart.so (nterp_helper+52) (BuildId: a49c773ef6221a996ecea990e9753caa)
07-13 17:55:16.236  5390  5390 F DEBUG   :       #33 pc 0000000000ff98f4  /data/app/com.camerasideas.instashot-hM-OOeU5AvMEdmIcrsKdUA==/oat/arm64/base.vdex (com.google.firebase.FirebaseApp.a+4)
07-13 17:55:16.236  5390  5390 F DEBUG   :       #34 pc 0000000000434600  /apex/com.android.art/lib64/libart.so (art_quick_invoke_static_stub+576) (BuildId: a49c773ef6221a996ecea990e9753caa)
07-13 17:55:16.236  5390  5390 F DEBUG   :       #35 pc 00000000005635dc  /apex/com.android.art/lib64/libart.so (bool art::interpreter::DoCall<false, true>(art::ArtMethod*, art::Thread*, art::ShadowFrame&, art::Instruction const*, unsigned short, art::JValue*)+2804) (BuildId: a49c773ef6221a996ecea990e9753caa)
07-13 17:55:16.236  5390  5390 F DEBUG   :       #36 pc 000000000022fcfc  /apex/com.android.art/lib64/libart.so (void art::interpreter::ExecuteSwitchImplCpp<true, false>(art::interpreter::SwitchImplContext*)+2696) (BuildId: a49c773ef6221a996ecea990e9753caa)
07-13 17:55:16.236  5390  5390 F DEBUG   :       #37 pc 00000000004405d8  /apex/com.android.art/lib64/libart.so (ExecuteSwitchImplAsm+8) (BuildId: a49c773ef6221a996ecea990e9753caa)
07-13 17:55:16.236  5390  5390 F DEBUG   :       #38 pc 0000000000ff9a14  /data/app/com.camerasideas.instashot-hM-OOeU5AvMEdmIcrsKdUA==/oat/arm64/base.vdex (com.google.firebase.FirebaseApp.b+0)
07-13 17:55:16.236  5390  5390 F DEBUG   :       #39 pc 0000000000563f04  /apex/com.android.art/lib64/libart.so (art::interpreter::ArtInterpreterToInterpreterBridge(art::Thread*, art::CodeItemDataAccessor const&, art::ShadowFrame*, art::JValue*)+512) (BuildId: a49c773ef6221a996ecea990e9753caa)
07-13 17:55:16.236  5390  5390 F DEBUG   :       #40 pc 00000000005635f8  /apex/com.android.art/lib64/libart.so (bool art::interpreter::DoCall<false, true>(art::ArtMethod*, art::Thread*, art::ShadowFrame&, art::Instruction const*, unsigned short, art::JValue*)+2832) (BuildId: a49c773ef6221a996ecea990e9753caa)
07-13 17:55:16.236  5390  5390 F DEBUG   :       #41 pc 000000000022fcfc  /apex/com.android.art/lib64/libart.so (void art::interpreter::ExecuteSwitchImplCpp<true, false>(art::interpreter::SwitchImplContext*)+2696) (BuildId: a49c773ef6221a996ecea990e9753caa)
07-13 17:55:16.236  5390  5390 F DEBUG   :       #42 pc 00000000004405d8  /apex/com.android.art/lib64/libart.so (ExecuteSwitchImplAsm+8) (BuildId: a49c773ef6221a996ecea990e9753caa)
07-13 17:55:16.236  5390  5390 F DEBUG   :       #43 pc 00000000006a3aca  /data/app/com.camerasideas.instashot-hM-OOeU5AvMEdmIcrsKdUA==/oat/arm64/base.vdex (com.camerasideas.baseutils.c.a+0)
07-13 17:55:16.236  5390  5390 F DEBUG   :       #44 pc 00000000004717d4  /apex/com.android.art/lib64/libart.so (art::interpreter::Execute(art::Thread*, art::CodeItemDataAccessor const&, art::ShadowFrame&, art::JValue, bool, bool) (.__uniq.112435418011751916792819755956732575238.llvm.15953120228497039992)+396) (BuildId: a49c773ef6221a996ecea990e9753caa)
07-13 17:55:16.236  5390  5390 F DEBUG   :       #45 pc 0000000000470e38  /apex/com.android.art/lib64/libart.so (artQuickToInterpreterBridge+1104) (BuildId: a49c773ef6221a996ecea990e9753caa)
07-13 17:55:16.236  5390  5390 F DEBUG   :       #46 pc 000000000043de88  /apex/com.android.art/lib64/libart.so (art_quick_to_interpreter_bridge+88) (BuildId: a49c773ef6221a996ecea990e9753caa)
07-13 17:55:16.236  5390  5390 F DEBUG   :       #47 pc 0000000000209398  /apex/com.android.art/lib64/libart.so (nterp_helper+152) (BuildId: a49c773ef6221a996ecea990e9753caa)
07-13 17:55:16.236  5390  5390 F DEBUG   :       #48 pc 0000000000b07a38  /data/app/com.camerasideas.instashot-hM-OOeU5AvMEdmIcrsKdUA==/oat/arm64/base.vdex (com.camerasideas.startup.InitializeApmTask.initializeApp+32)
07-13 17:55:16.237  5390  5390 F DEBUG   :       #49 pc 000000000020a254  /apex/com.android.art/lib64/libart.so (nterp_helper+3924) (BuildId: a49c773ef6221a996ecea990e9753caa)
07-13 17:55:16.237  5390  5390 F DEBUG   :       #50 pc 0000000000b07aba  /data/app/com.camerasideas.instashot-hM-OOeU5AvMEdmIcrsKdUA==/oat/arm64/base.vdex (com.camerasideas.startup.InitializeApmTask.run+4)
07-13 17:55:16.237  5390  5390 F DEBUG   :       #51 pc 000000000020a254  /apex/com.android.art/lib64/libart.so (nterp_helper+3924) (BuildId: a49c773ef6221a996ecea990e9753caa)
07-13 17:55:16.237  5390  5390 F DEBUG   :       #52 pc 0000000000d72a4c  /data/app/com.camerasideas.instashot-hM-OOeU5AvMEdmIcrsKdUA==/oat/arm64/base.vdex (g.c.a.a.e.b.run+58)
07-13 17:55:16.237  5390  5390 F DEBUG   :       #53 pc 000000000020a254  /apex/com.android.art/lib64/libart.so (nterp_helper+3924) (BuildId: a49c773ef6221a996ecea990e9753caa)
07-13 17:55:16.237  5390  5390 F DEBUG   :       #54 pc 0000000000d71fc2  /data/app/com.camerasideas.instashot-hM-OOeU5AvMEdmIcrsKdUA==/oat/arm64/base.vdex (g.c.a.a.c.f+126)
07-13 17:55:16.237  5390  5390 F DEBUG   :       #55 pc 000000000020a254  /apex/com.android.art/lib64/libart.so (nterp_helper+3924) (BuildId: a49c773ef6221a996ecea990e9753caa)
07-13 17:55:16.237  5390  5390 F DEBUG   :       #56 pc 0000000000d71932  /data/app/com.camerasideas.instashot-hM-OOeU5AvMEdmIcrsKdUA==/oat/arm64/base.vdex (g.c.a.a.b.a+64)
07-13 17:55:16.237  5390  5390 F DEBUG   :       #57 pc 000000000043436c  /apex/com.android.art/lib64/libart.so (art_quick_invoke_stub+556) (BuildId: a49c773ef6221a996ecea990e9753caa)
07-13 17:55:16.237  5390  5390 F DEBUG   :       #58 pc 0000000000563498  /apex/com.android.art/lib64/libart.so (bool art::interpreter::DoCall<false, true>(art::ArtMethod*, art::Thread*, art::ShadowFrame&, art::Instruction const*, unsigned short, art::JValue*)+2480) (BuildId: a49c773ef6221a996ecea990e9753caa)
07-13 17:55:16.237  5390  5390 F DEBUG   :       #59 pc 000000000022f96c  /apex/com.android.art/lib64/libart.so (void art::interpreter::ExecuteSwitchImplCpp<true, false>(art::interpreter::SwitchImplContext*)+1784) (BuildId: a49c773ef6221a996ecea990e9753caa)
07-13 17:55:16.237  5390  5390 F DEBUG   :       #60 pc 00000000004405d8  /apex/com.android.art/lib64/libart.so (ExecuteSwitchImplAsm+8) (BuildId: a49c773ef6221a996ecea990e9753caa)
07-13 17:55:16.237  5390  5390 F DEBUG   :       #61 pc 0000000000b085c8  /data/app/com.camerasideas.instashot-hM-OOeU5AvMEdmIcrsKdUA==/oat/arm64/base.vdex (com.camerasideas.startup.e.b+0)
07-13 17:55:16.237  5390  5390 F DEBUG   :       #62 pc 00000000004717d4  /apex/com.android.art/lib64/libart.so (art::interpreter::Execute(art::Thread*, art::CodeItemDataAccessor const&, art::ShadowFrame&, art::JValue, bool, bool) (.__uniq.112435418011751916792819755956732575238.llvm.15953120228497039992)+396) (BuildId: a49c773ef6221a996ecea990e9753caa)
07-13 17:55:16.237  5390  5390 F DEBUG   :       #63 pc 0000000000470e38  /apex/com.android.art/lib64/libart.so (artQuickToInterpreterBridge+1104) (BuildId: a49c773ef6221a996ecea990e9753caa)
07-13 17:55:16.237  5390  5390 F DEBUG   :       #64 pc 000000000043de88  /apex/com.android.art/lib64/libart.so (art_quick_to_interpreter_bridge+88) (BuildId: a49c773ef6221a996ecea990e9753caa)
07-13 17:55:16.237  5390  5390 F DEBUG   :       #65 pc 0000000000209398  /apex/com.android.art/lib64/libart.so (nterp_helper+152) (BuildId: a49c773ef6221a996ecea990e9753caa)
07-13 17:55:16.237  5390  5390 F DEBUG   :       #66 pc 00000000006d5ac0  /data/app/com.camerasideas.instashot-hM-OOeU5AvMEdmIcrsKdUA==/oat/arm64/base.vdex (com.camerasideas.instashot.InstashotApplication.onCreate+28)
07-13 17:55:16.237  5390  5390 F DEBUG   :       #67 pc 000000000043436c  /apex/com.android.art/lib64/libart.so (art_quick_invoke_stub+556) (BuildId: a49c773ef6221a996ecea990e9753caa)
07-13 17:55:16.237  5390  5390 F DEBUG   :       #68 pc 00000000004c7ca4  /apex/com.android.art/lib64/libart.so (art::JValue art::InvokeVirtualOrInterfaceWithVarArgs<art::ArtMethod*>(art::ScopedObjectAccessAlreadyRunnable const&, _jobject*, art::ArtMethod*, std::__va_list)+828) (BuildId: a49c773ef6221a996ecea990e9753caa)
07-13 17:55:16.237  5390  5390 F DEBUG   :       #69 pc 00000000005d9950  /apex/com.android.art/lib64/libart.so (art::JNI<false>::CallVoidMethodV(_JNIEnv*, _jobject*, _jmethodID*, std::__va_list)+184) (BuildId: a49c773ef6221a996ecea990e9753caa)
07-13 17:55:16.237  5390  5390 F DEBUG   :       #70 pc 000000000002880c  /data/app/com.camerasideas.instashot-hM-OOeU5AvMEdmIcrsKdUA==/lib/arm64/libArmEpic.so (BuildId: e946bc1f91a01a1b84a33577a1a49fed7e6fa3fe)
07-13 17:55:16.238  5390  5390 F DEBUG   :       #71 pc 000000000002d708  /data/app/com.camerasideas.instashot-hM-OOeU5AvMEdmIcrsKdUA==/lib/arm64/libArmEpic.so (BuildId: e946bc1f91a01a1b84a33577a1a49fed7e6fa3fe)
07-13 17:55:16.238  5390  5390 F DEBUG   :       #72 pc 000000000043dd54  /apex/com.android.art/lib64/libart.so (art_quick_generic_jni_trampoline+148) (BuildId: a49c773ef6221a996ecea990e9753caa)
07-13 17:55:16.238  5390  5390 F DEBUG   :       #73 pc 000000000043436c  /apex/com.android.art/lib64/libart.so (art_quick_invoke_stub+556) (BuildId: a49c773ef6221a996ecea990e9753caa)
07-13 17:55:16.238  5390  5390 F DEBUG   :       #74 pc 000000000057e1ac  /apex/com.android.art/lib64/libart.so (art::JValue art::InvokeWithVarArgs<_jmethodID*>(art::ScopedObjectAccessAlreadyRunnable const&, _jobject*, _jmethodID*, std::__va_list)+440) (BuildId: a49c773ef6221a996ecea990e9753caa)
07-13 17:55:16.238  5390  5390 F DEBUG   :       #75 pc 0000000000335ad0  /apex/com.android.art/lib64/libart.so (art::JNI<false>::CallNonvirtualObjectMethodV(_JNIEnv*, _jobject*, _jclass*, _jmethodID*, std::__va_list)+172) (BuildId: a49c773ef6221a996ecea990e9753caa)
07-13 17:55:16.238  5390  5390 F DEBUG   :       #76 pc 0000000000028fa8  /data/app/com.camerasideas.instashot-hM-OOeU5AvMEdmIcrsKdUA==/lib/arm64/libArmEpic.so (BuildId: e946bc1f91a01a1b84a33577a1a49fed7e6fa3fe)
07-13 17:55:16.238  5390  5390 F DEBUG   :       #77 pc 0000000000029514  /data/app/com.camerasideas.instashot-hM-OOeU5AvMEdmIcrsKdUA==/lib/arm64/libArmEpic.so (BuildId: e946bc1f91a01a1b84a33577a1a49fed7e6fa3fe)
07-13 17:55:16.238  5390  5390 F DEBUG   :       #78 pc 000000000043dd54  /apex/com.android.art/lib64/libart.so (art_quick_generic_jni_trampoline+148) (BuildId: a49c773ef6221a996ecea990e9753caa)
07-13 17:55:16.238  5390  5390 F DEBUG   :       #79 pc 00000000005bb36c  /system/framework/arm64/boot-framework.oat (android.app.ActivityThread.installProvider+812) (BuildId: 0b45f667107ba8dcc90a5a2479d90627233c62eb)
--------- beginning of system
07-26 11:44:52.053  1431  5942 E WindowManager: win=Window{8350af5 u0 InputMethod} destroySurfaces: appStopped=true win.mWindowRemovalAllowed=false win.mRemoveOnExit=false win.mViewVisibility=8 caller=com.android.server.wm.WindowManagerService.tryStartExitingAnimation:2951 com.android.server.wm.WindowManagerService.relayoutWindow:2675 com.android.server.wm.Session.relayout:242 android.view.IWindowSession$Stub.onTransact:790 com.android.server.wm.Session.onTransact:176 android.os.Binder.execTransactInternal:1215 android.os.Binder.execTransact:1179 
07-26 11:44:52.096  1431  5942 E WindowManager: win=Window{8b2c01c u0 ThumbsUpAnimationWindow} destroySurfaces: appStopped=true win.mWindowRemovalAllowed=false win.mRemoveOnExit=false win.mViewVisibility=4 caller=com.android.server.wm.WindowManagerService.tryStartExitingAnimation:2951 com.android.server.wm.WindowManagerService.relayoutWindow:2675 com.android.server.wm.Session.relayout:242 android.view.IWindowSession$Stub.onTransact:790 com.android.server.wm.Session.onTransact:176 android.os.Binder.execTransactInternal:1215 android.os.Binder.execTransact:1179 
07-26 11:44:52.701  1431  5879 E WindowManager: win=Window{8b2c01c u0 ThumbsUpAnimationWindow} destroySurfaces: appStopped=true win.mWindowRemovalAllowed=false win.mRemoveOnExit=false win.mViewVisibility=4 caller=com.android.server.wm.WindowManagerService.tryStartExitingAnimation:2951 com.android.server.wm.WindowManagerService.relayoutWindow:2675 com.android.server.wm.Session.relayout:242 android.view.IWindowSession$Stub.onTransact:790 com.android.server.wm.Session.onTransact:176 android.os.Binder.execTransactInternal:1215 android.os.Binder.execTransact:1179 
07-26 11:44:54.909  1431  5879 E WindowManager: win=Window{244e4b8 u0 com.whatsapp/com.whatsapp.home.ui.HomeActivity} destroySurfaces: appStopped=true win.mWindowRemovalAllowed=false win.mRemoveOnExit=false win.mViewVisibility=8 caller=com.android.server.wm.ActivityRecord.destroySurfaces:5873 com.android.server.wm.ActivityRecord.destroySurfaces:5854 com.android.server.wm.ActivityRecord.notifyAppStopped:5918 com.android.server.wm.ActivityRecord.activityStopped:6560 com.android.server.wm.ActivityClientController.activityStopped:254 android.app.IActivityClientController$Stub.onTransact:596 com.android.server.wm.ActivityClientController.onTransact:130 
07-26 11:44:58.840  1431  1535 E Watchdog: !@Sync: 28216 heap: 136 / 146 [2025-07-26 11:44:58.840] sdogWay: softdog FD: 1179
07-26 11:45:01.057  1431  1796 E WindowManager: win=Window{8b2c01c u0 ThumbsUpAnimationWindow} destroySurfaces: appStopped=true win.mWindowRemovalAllowed=false win.mRemoveOnExit=false win.mViewVisibility=4 caller=com.android.server.wm.WindowManagerService.tryStartExitingAnimation:2951 com.android.server.wm.WindowManagerService.relayoutWindow:2675 com.android.server.wm.Session.relayout:242 android.view.IWindowSession$Stub.onTransact:790 com.android.server.wm.Session.onTransact:176 android.os.Binder.execTransactInternal:1215 android.os.Binder.execTransact:1179 
07-26 11:45:01.087  1431  5876 E WindowManager: win=Window{8350af5 u0 InputMethod} destroySurfaces: appStopped=true win.mWindowRemovalAllowed=false win.mRemoveOnExit=false win.mViewVisibility=8 caller=com.android.server.wm.WindowManagerService.tryStartExitingAnimation:2951 com.android.server.wm.WindowManagerService.relayoutWindow:2675 com.android.server.wm.Session.relayout:242 android.view.IWindowSession$Stub.onTransact:790 com.android.server.wm.Session.onTransact:176 android.os.Binder.execTransactInternal:1215 android.os.Binder.execTransact:1179 
07-26 11:45:01.472  1431  5879 E WindowManager: win=Window{8b2c01c u0 ThumbsUpAnimationWindow} destroySurfaces: appStopped=true win.mWindowRemovalAllowed=false win.mRemoveOnExit=false win.mViewVisibility=4 caller=com.android.server.wm.WindowManagerService.tryStartExitingAnimation:2951 com.android.server.wm.WindowManagerService.relayoutWindow:2675 com.android.server.wm.Session.relayout:242 android.view.IWindowSession$Stub.onTransact:790 com.android.server.wm.Session.onTransact:176 android.os.Binder.execTransactInternal:1215 android.os.Binder.execTransact:1179 
07-26 11:45:03.636  1431  6692 E WindowManager: win=Window{fb27ce3 u0 com.samsung.android.app.cocktailbarservice/com.samsung.android.app.cocktailbarservice.CocktailBarService} destroySurfaces: appStopped=true win.mWindowRemovalAllowed=false win.mRemoveOnExit=false win.mViewVisibility=8 caller=com.android.server.wm.WindowManagerService.tryStartExitingAnimation:2951 com.android.server.wm.WindowManagerService.relayoutWindow:2675 com.android.server.wm.Session.relayout:242 android.view.IWindowSession$Stub.onTransact:790 com.android.server.wm.Session.onTransact:176 android.os.Binder.execTransactInternal:1215 android.os.Binder.execTransact:1179 
07-26 11:45:08.707  1431  5879 E WindowManager: win=Window{bc64f60 u0 NotificationShade} destroySurfaces: appStopped=true win.mWindowRemovalAllowed=false win.mRemoveOnExit=false win.mViewVisibility=4 caller=com.android.server.wm.WindowManagerService.tryStartExitingAnimation:2951 com.android.server.wm.WindowManagerService.relayoutWindow:2675 com.android.server.wm.Session.relayout:242 android.view.IWindowSession$Stub.onTransact:790 com.android.server.wm.Session.onTransact:176 android.os.Binder.execTransactInternal:1220 android.os.Binder.execTransact:1179 
07-26 11:45:09.158  1431  6692 E WindowManager: win=Window{62408c8 u0 com.instagram.android/com.instagram.mainactivity.InstagramMainActivity} destroySurfaces: appStopped=true win.mWindowRemovalAllowed=false win.mRemoveOnExit=false win.mViewVisibility=4 caller=com.android.server.wm.ActivityRecord.destroySurfaces:5873 com.android.server.wm.ActivityRecord.destroySurfaces:5854 com.android.server.wm.ActivityRecord.notifyAppStopped:5918 com.android.server.wm.ActivityRecord.activityStopped:6560 com.android.server.wm.ActivityClientController.activityStopped:254 android.app.IActivityClientController$Stub.onTransact:596 com.android.server.wm.ActivityClientController.onTransact:130 
07-26 11:45:09.172  3450  4025 E TaskStackListenerAbstract: onTaskSnapshotChanged called by Binder.getCallingPid() 0 android.app.ITaskStackListener$Stub.onTransact:585 android.os.Binder.execTransactInternal:1220 android.os.Binder.execTransact:1179 <bottom of call stack> 
07-26 11:45:09.173  6012 11732 E TaskStackListenerAbstract: onTaskSnapshotChanged called by Binder.getCallingPid() 0 android.app.ITaskStackListener$Stub.onTransact:585 android.os.Binder.execTransactInternal:1220 android.os.Binder.execTransact:1179 <bottom of call stack> 
07-26 11:45:09.173 12966 15232 E TaskStackListenerAbstract: onTaskSnapshotChanged called by Binder.getCallingPid() 0 android.app.ITaskStackListener$Stub.onTransact:585 android.os.Binder.execTransactInternal:1220 android.os.Binder.execTransact:1179 <bottom of call stack> 
07-26 11:45:09.177  3450  4025 E TaskStackListenerAbstract: onTaskSnapshotChanged called by Binder.getCallingPid() 0 android.app.ITaskStackListener$Stub.onTransact:585 android.os.Binder.execTransactInternal:1220 android.os.Binder.execTransact:1179 <bottom of call stack> 
07-26 11:45:09.614  1431  5879 E WindowManager: win=Window{244e4b8 u0 com.whatsapp/com.whatsapp.home.ui.HomeActivity} destroySurfaces: appStopped=true win.mWindowRemovalAllowed=false win.mRemoveOnExit=false win.mViewVisibility=8 caller=com.android.server.wm.ActivityRecord.destroySurfaces:5873 com.android.server.wm.ActivityRecord.destroySurfaces:5854 com.android.server.wm.ActivityRecord.notifyAppStopped:5918 com.android.server.wm.ActivityRecord.activityStopped:6560 com.android.server.wm.ActivityClientController.activityStopped:254 android.app.IActivityClientController$Stub.onTransact:596 com.android.server.wm.ActivityClientController.onTransact:130 
07-26 11:45:16.119  1431  1431 E NotificationService: Muting recently noisy 0|com.whatsapp|1|null|10501
07-26 11:45:20.303  1431  1796 E WindowManager: win=Window{8350af5 u0 InputMethod} destroySurfaces: appStopped=true win.mWindowRemovalAllowed=false win.mRemoveOnExit=false win.mViewVisibility=8 caller=com.android.server.wm.WindowManagerService.tryStartExitingAnimation:2951 com.android.server.wm.WindowManagerService.relayoutWindow:2675 com.android.server.wm.Session.relayout:242 android.view.IWindowSession$Stub.onTransact:790 com.android.server.wm.Session.onTransact:176 android.os.Binder.execTransactInternal:1215 android.os.Binder.execTransact:1179 
07-26 11:45:28.856  1431  1535 E Watchdog: !@Sync: 28217 heap: 137 / 144 [2025-07-26 11:45:28.855] sdogWay: softdog FD: 1178
07-26 11:45:32.141  1431  4203 E AppOps  : evalMode() Foreground Location OP returned IGNORE, uid - 10183, capability - 8
07-26 11:45:32.209  1431  6453 E AppOps  : evalMode() Foreground Location OP returned IGNORE, uid - 10183, capability - 8
07-26 11:45:32.222  1431  6453 E AppOps  : evalMode() Foreground Location OP returned IGNORE, uid - 10183, capability - 8
07-26 11:45:32.245  1431  5883 E AppOps  : evalMode() Foreground Location OP returned IGNORE, uid - 10183, capability - 8
07-26 11:45:32.294  1431  5883 E AppOps  : evalMode() Foreground Location OP returned IGNORE, uid - 10183, capability - 8
07-26 11:45:32.295  1431  5883 E AppOps  : evalMode() Foreground Location OP returned IGNORE, uid - 10183, capability - 8
07-26 11:45:32.308  1431  6538 E AppOps  : evalMode() Foreground Location OP returned IGNORE, uid - 10183, capability - 8
07-26 11:45:32.320  1431  5883 E AppOps  : evalMode() Foreground Location OP returned IGNORE, uid - 10183, capability - 8
07-26 11:45:32.320  1431  5883 E AppOps  : evalMode() Foreground Location OP returned IGNORE, uid - 10183, capability - 8
07-26 11:45:36.002  1431  1542 E NotificationService: Package enqueue rate is 5.241569. Shedding 0|com.instagram.android|1488272150|null|10360. package=com.instagram.android
07-26 11:45:37.819  1431  4203 E AppOps  : evalMode() Foreground Location OP returned IGNORE, uid - 10183, capability - 8
07-26 11:45:37.821  1431  4203 E AppOps  : evalMode() Foreground Location OP returned IGNORE, uid - 10183, capability - 8
07-26 11:45:38.664  1431  4203 E AppOps  : evalMode() Foreground Location OP returned IGNORE, uid - 10183, capability - 8
07-26 11:45:38.665  1431  4203 E AppOps  : evalMode() Foreground Location OP returned IGNORE, uid - 10183, capability - 8
07-26 11:45:38.967  1431  5949 E WindowManager: win=Window{8b2c01c u0 ThumbsUpAnimationWindow} destroySurfaces: appStopped=true win.mWindowRemovalAllowed=false win.mRemoveOnExit=false win.mViewVisibility=4 caller=com.android.server.wm.WindowManagerService.tryStartExitingAnimation:2951 com.android.server.wm.WindowManagerService.relayoutWindow:2675 com.android.server.wm.Session.relayout:242 android.view.IWindowSession$Stub.onTransact:790 com.android.server.wm.Session.onTransact:176 android.os.Binder.execTransactInternal:1215 android.os.Binder.execTransact:1179 
07-26 11:45:39.237 12966 22292 E TaskStackListenerAbstract: onTaskSnapshotChanged called by Binder.getCallingPid() 0 android.app.ITaskStackListener$Stub.onTransact:585 android.os.Binder.execTransactInternal:1220 android.os.Binder.execTransact:1179 <bottom of call stack> 
07-26 11:45:39.237  6012 11732 E TaskStackListenerAbstract: onTaskSnapshotChanged called by Binder.getCallingPid() 0 android.app.ITaskStackListener$Stub.onTransact:585 android.os.Binder.execTransactInternal:1220 android.os.Binder.execTransact:1179 <bottom of call stack> 
07-26 11:45:39.237  3450 17260 E TaskStackListenerAbstract: onTaskSnapshotChanged called by Binder.getCallingPid() 0 android.app.ITaskStackListener$Stub.onTransact:585 android.os.Binder.execTransactInternal:1220 android.os.Binder.execTransact:1179 <bottom of call stack> 
07-26 11:45:39.238  3450  4025 E TaskStackListenerAbstract: onTaskSnapshotChanged called by Binder.getCallingPid() 0 android.app.ITaskStackListener$Stub.onTransact:585 android.os.Binder.execTransactInternal:1220 android.os.Binder.execTransact:1179 <bottom of call stack> 
07-26 11:45:39.446  1431  3545 E WindowManager: win=Window{69a495a u0 com.instagram.android/com.instagram.modal.ModalActivity} destroySurfaces: appStopped=true win.mWindowRemovalAllowed=false win.mRemoveOnExit=false win.mViewVisibility=8 caller=com.android.server.wm.ActivityRecord.destroySurfaces:5873 com.android.server.wm.ActivityRecord.destroySurfaces:5854 com.android.server.wm.ActivityRecord.notifyAppStopped:5918 com.android.server.wm.ActivityRecord.activityStopped:6560 com.android.server.wm.ActivityClientController.activityStopped:254 android.app.IActivityClientController$Stub.onTransact:596 com.android.server.wm.ActivityClientController.onTransact:130 
07-26 11:45:39.926  1431  3545 E AppOps  : evalMode() Foreground mode : uid - 10183, op - 1, capability - 0
07-26 11:45:39.929  1431  3545 E AppOps  : evalMode() Foreground mode : uid - 10183, op - 0, capability - 0
07-26 11:45:40.186  1431  1533 E WindowManager: win=Window{b0f28a0 u0 SnapshotStartingWindow for taskId=3581 EXITING} destroySurfaces: appStopped=false win.mWindowRemovalAllowed=true win.mRemoveOnExit=true win.mViewVisibility=0 caller=com.android.server.wm.ActivityRecord.destroySurfaces:5873 com.android.server.wm.ActivityRecord.destroySurfaces:5854 com.android.server.wm.WindowState.onExitAnimationDone:5983 com.android.server.wm.WindowStateAnimator.onAnimationFinished:242 com.android.server.wm.WindowState.onAnimationFinished:6236 com.android.server.wm.WindowContainer$$ExternalSyntheticLambda0.onAnimationFinished:2 com.android.server.wm.SurfaceAnimator.lambda$getFinishedCallback$0$SurfaceAnimator:113 
07-26 11:45:40.377  1431  5883 E WindowManager: win=Window{9b429c0 u0 com.sec.android.app.launcher/com.sec.android.app.launcher.activities.LauncherActivity} destroySurfaces: appStopped=true win.mWindowRemovalAllowed=false win.mRemoveOnExit=false win.mViewVisibility=8 caller=com.android.server.wm.ActivityRecord.destroySurfaces:5873 com.android.server.wm.ActivityRecord.destroySurfaces:5854 com.android.server.wm.ActivityRecord.notifyAppStopped:5918 com.android.server.wm.ActivityRecord.activityStopped:6560 com.android.server.wm.ActivityClientController.activityStopped:254 android.app.IActivityClientController$Stub.onTransact:596 com.android.server.wm.ActivityClientController.onTransact:130 
07-26 11:45:43.353  1431  5892 E WindowManager: win=Window{244e4b8 u0 com.whatsapp/com.whatsapp.home.ui.HomeActivity} destroySurfaces: appStopped=true win.mWindowRemovalAllowed=false win.mRemoveOnExit=false win.mViewVisibility=8 caller=com.android.server.wm.ActivityRecord.destroySurfaces:5873 com.android.server.wm.ActivityRecord.destroySurfaces:5854 com.android.server.wm.ActivityRecord.notifyAppStopped:5918 com.android.server.wm.ActivityRecord.activityStopped:6560 com.android.server.wm.ActivityClientController.activityStopped:254 android.app.IActivityClientController$Stub.onTransact:596 com.android.server.wm.ActivityClientController.onTransact:130 
07-26 11:45:58.863  1431  1535 E Watchdog: !@Sync: 28218 heap: 134 / 139 [2025-07-26 11:45:58.863] sdogWay: softdog FD: 1149
07-26 11:46:00.500  1431  5883 E AppOps  : evalMode() Foreground mode : uid - 10360, op - 1, capability - 0
07-26 11:46:00.501  1431  5883 E AppOps  : evalMode() Foreground mode : uid - 10360, op - 0, capability - 0
07-26 11:46:00.501  1431  5883 E AppOps  : evalMode() Foreground mode : uid - 10183, op - 1, capability - 0
07-26 11:46:00.502  1431  5883 E AppOps  : evalMode() Foreground mode : uid - 10183, op - 0, capability - 0
07-26 11:46:00.616  1431  5883 E AppOps  : evalMode() Foreground mode : uid - 10360, op - 1, capability - 0
07-26 11:46:00.617  1431  5883 E AppOps  : evalMode() Foreground mode : uid - 10360, op - 0, capability - 0
07-26 11:46:00.618  1431  5883 E AppOps  : evalMode() Foreground mode : uid - 10183, op - 1, capability - 0
07-26 11:46:00.620  1431  5883 E AppOps  : evalMode() Foreground mode : uid - 10183, op - 0, capability - 0
07-26 11:46:01.131  1431  3545 E AppOps  : evalMode() Foreground mode : uid - 10360, op - 1, capability - 0
07-26 11:46:01.131  1431  3545 E AppOps  : evalMode() Foreground mode : uid - 10360, op - 0, capability - 0
07-26 11:46:01.132  1431  3545 E AppOps  : evalMode() Foreground mode : uid - 10183, op - 1, capability - 0
07-26 11:46:01.133  1431  3545 E AppOps  : evalMode() Foreground mode : uid - 10183, op - 0, capability - 0
07-26 11:46:01.235  1431  3545 E AppOps  : evalMode() Foreground mode : uid - 10360, op - 1, capability - 0
07-26 11:46:01.236  1431  3545 E AppOps  : evalMode() Foreground mode : uid - 10360, op - 0, capability - 0
07-26 11:46:01.237  1431  3545 E AppOps  : evalMode() Foreground mode : uid - 10183, op - 1, capability - 0
07-26 11:46:01.238  1431  3545 E AppOps  : evalMode() Foreground mode : uid - 10183, op - 0, capability - 0
07-26 11:46:02.387  1431  5892 E AppOps  : evalMode() Foreground mode : uid - 10360, op - 1, capability - 0
07-26 11:46:02.389  1431  5892 E AppOps  : evalMode() Foreground mode : uid - 10360, op - 0, capability - 0
07-26 11:46:02.390  1431  5892 E AppOps  : evalMode() Foreground mode : uid - 10183, op - 1, capability - 0
07-26 11:46:02.392  1431  5892 E AppOps  : evalMode() Foreground mode : uid - 10183, op - 0, capability - 0
07-26 11:46:04.322  1431  5883 E WindowManager: win=Window{8350af5 u0 InputMethod} destroySurfaces: appStopped=true win.mWindowRemovalAllowed=false win.mRemoveOnExit=false win.mViewVisibility=8 caller=com.android.server.wm.WindowManagerService.tryStartExitingAnimation:2951 com.android.server.wm.WindowManagerService.relayoutWindow:2675 com.android.server.wm.Session.relayout:242 android.view.IWindowSession$Stub.onTransact:790 com.android.server.wm.Session.onTransact:176 android.os.Binder.execTransactInternal:1215 android.os.Binder.execTransact:1179 
07-26 11:46:04.355  1431  5883 E WindowManager: win=Window{8b2c01c u0 ThumbsUpAnimationWindow} destroySurfaces: appStopped=true win.mWindowRemovalAllowed=false win.mRemoveOnExit=false win.mViewVisibility=4 caller=com.android.server.wm.WindowManagerService.tryStartExitingAnimation:2951 com.android.server.wm.WindowManagerService.relayoutWindow:2675 com.android.server.wm.Session.relayout:242 android.view.IWindowSession$Stub.onTransact:790 com.android.server.wm.Session.onTransact:176 android.os.Binder.execTransactInternal:1215 android.os.Binder.execTransact:1179 
07-26 11:46:04.781  1431  3545 E WindowManager: win=Window{8b2c01c u0 ThumbsUpAnimationWindow} destroySurfaces: appStopped=true win.mWindowRemovalAllowed=false win.mRemoveOnExit=false win.mViewVisibility=4 caller=com.android.server.wm.WindowManagerService.tryStartExitingAnimation:2951 com.android.server.wm.WindowManagerService.relayoutWindow:2675 com.android.server.wm.Session.relayout:242 android.view.IWindowSession$Stub.onTransact:790 com.android.server.wm.Session.onTransact:176 android.os.Binder.execTransactInternal:1215 android.os.Binder.execTransact:1179 
07-26 11:46:06.182  1431  3545 E WindowManager: win=Window{fb27ce3 u0 com.samsung.android.app.cocktailbarservice/com.samsung.android.app.cocktailbarservice.CocktailBarService} destroySurfaces: appStopped=true win.mWindowRemovalAllowed=false win.mRemoveOnExit=false win.mViewVisibility=8 caller=com.android.server.wm.WindowManagerService.tryStartExitingAnimation:2951 com.android.server.wm.WindowManagerService.relayoutWindow:2675 com.android.server.wm.Session.relayout:242 android.view.IWindowSession$Stub.onTransact:790 com.android.server.wm.Session.onTransact:176 android.os.Binder.execTransactInternal:1215 android.os.Binder.execTransact:1179 
07-26 11:46:18.616  1431  3545 E WindowManager: win=Window{8b2c01c u0 ThumbsUpAnimationWindow} destroySurfaces: appStopped=true win.mWindowRemovalAllowed=false win.mRemoveOnExit=false win.mViewVisibility=4 caller=com.android.server.wm.WindowManagerService.tryStartExitingAnimation:2951 com.android.server.wm.WindowManagerService.relayoutWindow:2675 com.android.server.wm.Session.relayout:242 android.view.IWindowSession$Stub.onTransact:790 com.android.server.wm.Session.onTransact:176 android.os.Binder.execTransactInternal:1215 android.os.Binder.execTransact:1179 
07-26 11:46:18.870  1431  3545 E WindowManager: win=Window{bc64f60 u0 NotificationShade} destroySurfaces: appStopped=true win.mWindowRemovalAllowed=false win.mRemoveOnExit=false win.mViewVisibility=4 caller=com.android.server.wm.WindowManagerService.tryStartExitingAnimation:2951 com.android.server.wm.WindowManagerService.relayoutWindow:2675 com.android.server.wm.Session.relayout:242 android.view.IWindowSession$Stub.onTransact:790 com.android.server.wm.Session.onTransact:176 android.os.Binder.execTransactInternal:1220 android.os.Binder.execTransact:1179 
07-26 11:46:23.145  1431  6538 E WindowManager: win=Window{244e4b8 u0 com.whatsapp/com.whatsapp.home.ui.HomeActivity} destroySurfaces: appStopped=true win.mWindowRemovalAllowed=false win.mRemoveOnExit=false win.mViewVisibility=8 caller=com.android.server.wm.ActivityRecord.destroySurfaces:5873 com.android.server.wm.ActivityRecord.destroySurfaces:5854 com.android.server.wm.ActivityRecord.notifyAppStopped:5918 com.android.server.wm.ActivityRecord.activityStopped:6560 com.android.server.wm.ActivityClientController.activityStopped:254 android.app.IActivityClientController$Stub.onTransact:596 com.android.server.wm.ActivityClientController.onTransact:130 
07-26 11:46:28.867  1431  1535 E Watchdog: !@Sync: 28219 heap: 136 / 139 [2025-07-26 11:46:28.867] sdogWay: softdog FD: 1185
07-26 11:46:35.067  1431  6538 E AppOps  : evalMode() Foreground mode : uid - 10360, op - 1, capability - 0
07-26 11:46:35.068  1431  6538 E AppOps  : evalMode() Foreground mode : uid - 10360, op - 0, capability - 0
07-26 11:46:35.069  1431  6538 E AppOps  : evalMode() Foreground mode : uid - 10183, op - 1, capability - 0
07-26 11:46:35.069  1431  6538 E AppOps  : evalMode() Foreground mode : uid - 10183, op - 0, capability - 0
07-26 11:46:36.941  1431  5883 E AppOps  : evalMode() Foreground mode : uid - 10360, op - 1, capability - 0
07-26 11:46:36.942  1431  5883 E AppOps  : evalMode() Foreground mode : uid - 10360, op - 0, capability - 0
07-26 11:46:36.944  1431  5883 E AppOps  : evalMode() Foreground mode : uid - 10183, op - 1, capability - 0
07-26 11:46:36.945  1431  5883 E AppOps  : evalMode() Foreground mode : uid - 10183, op - 0, capability - 0
07-26 11:46:55.922  1431  4002 E WindowManager: win=Window{8350af5 u0 InputMethod} destroySurfaces: appStopped=true win.mWindowRemovalAllowed=false win.mRemoveOnExit=false win.mViewVisibility=8 caller=com.android.server.wm.WindowManagerService.tryStartExitingAnimation:2951 com.android.server.wm.WindowManagerService.relayoutWindow:2675 com.android.server.wm.Session.relayout:242 android.view.IWindowSession$Stub.onTransact:790 com.android.server.wm.Session.onTransact:176 android.os.Binder.execTransactInternal:1215 android.os.Binder.execTransact:1179 
07-26 11:46:55.956  1431  6538 E WindowManager: win=Window{8b2c01c u0 ThumbsUpAnimationWindow} destroySurfaces: appStopped=true win.mWindowRemovalAllowed=false win.mRemoveOnExit=false win.mViewVisibility=4 caller=com.android.server.wm.WindowManagerService.tryStartExitingAnimation:2951 com.android.server.wm.WindowManagerService.relayoutWindow:2675 com.android.server.wm.Session.relayout:242 android.view.IWindowSession$Stub.onTransact:790 com.android.server.wm.Session.onTransact:176 android.os.Binder.execTransactInternal:1215 android.os.Binder.execTransact:1179 
07-26 11:46:58.874  1431  1535 E Watchdog: !@Sync: 28220 heap: 134 / 138 objects: 2515885 WaitTime: 0.000 GCcnt: 0 FD: 1169 [2025-07-26 11:46:58.874] sdogWay:softdog
07-26 11:47:12.357  1431  1533 E WindowManager: win=Window{ed6c062 u0 PopupWindow:715186d EXITING} destroySurfaces: appStopped=false win.mWindowRemovalAllowed=true win.mRemoveOnExit=true win.mViewVisibility=0 caller=com.android.server.wm.WindowState.destroySurface:4175 com.android.server.wm.ActivityRecord.destroySurfaces:5873 com.android.server.wm.ActivityRecord.destroySurfaces:5854 com.android.server.wm.WindowState.onExitAnimationDone:5983 com.android.server.wm.WindowStateAnimator.onAnimationFinished:242 com.android.server.wm.WindowState.onAnimationFinished:6236 com.android.server.wm.WindowContainer$$ExternalSyntheticLambda0.onAnimationFinished:2 
07-26 11:47:12.373  1431  1533 E WindowManager: win=Window{9fc2529 u0 PopupWindow:81d10ee EXITING} destroySurfaces: appStopped=false win.mWindowRemovalAllowed=true win.mRemoveOnExit=true win.mViewVisibility=0 caller=com.android.server.wm.WindowState.destroySurface:4175 com.android.server.wm.ActivityRecord.destroySurfaces:5873 com.android.server.wm.ActivityRecord.destroySurfaces:5854 com.android.server.wm.WindowState.onExitAnimationDone:5983 com.android.server.wm.WindowStateAnimator.onAnimationFinished:242 com.android.server.wm.WindowState.onAnimationFinished:6236 com.android.server.wm.WindowContainer$$ExternalSyntheticLambda0.onAnimationFinished:2 
07-26 11:47:13.592  1431  5883 E WindowManager: win=Window{8b2c01c u0 ThumbsUpAnimationWindow} destroySurfaces: appStopped=true win.mWindowRemovalAllowed=false win.mRemoveOnExit=false win.mViewVisibility=4 caller=com.android.server.wm.WindowManagerService.tryStartExitingAnimation:2951 com.android.server.wm.WindowManagerService.relayoutWindow:2675 com.android.server.wm.Session.relayout:242 android.view.IWindowSession$Stub.onTransact:790 com.android.server.wm.Session.onTransact:176 android.os.Binder.execTransactInternal:1215 android.os.Binder.execTransact:1179 
07-26 11:47:13.653  1431  5883 E WindowManager: win=Window{8350af5 u0 InputMethod} destroySurfaces: appStopped=true win.mWindowRemovalAllowed=false win.mRemoveOnExit=false win.mViewVisibility=8 caller=com.android.server.wm.WindowManagerService.tryStartExitingAnimation:2951 com.android.server.wm.WindowManagerService.relayoutWindow:2675 com.android.server.wm.Session.relayout:242 android.view.IWindowSession$Stub.onTransact:790 com.android.server.wm.Session.onTransact:176 android.os.Binder.execTransactInternal:1215 android.os.Binder.execTransact:1179 
07-26 11:47:13.998  1431  6538 E WindowManager: win=Window{8b2c01c u0 ThumbsUpAnimationWindow} destroySurfaces: appStopped=true win.mWindowRemovalAllowed=false win.mRemoveOnExit=false win.mViewVisibility=4 caller=com.android.server.wm.WindowManagerService.tryStartExitingAnimation:2951 com.android.server.wm.WindowManagerService.relayoutWindow:2675 com.android.server.wm.Session.relayout:242 android.view.IWindowSession$Stub.onTransact:790 com.android.server.wm.Session.onTransact:176 android.os.Binder.execTransactInternal:1215 android.os.Binder.execTransact:1179 
07-26 11:47:16.442  3450 12054 E TaskStackListenerAbstract: onTaskSnapshotChanged called by Binder.getCallingPid() 0 android.app.ITaskStackListener$Stub.onTransact:585 android.os.Binder.execTransactInternal:1220 android.os.Binder.execTransact:1179 <bottom of call stack> 
07-26 11:47:16.448 20074 20089 E TaskStackListenerAbstract: onTaskSnapshotChanged called by Binder.getCallingPid() 0 android.app.ITaskStackListener$Stub.onTransact:585 android.os.Binder.execTransactInternal:1220 android.os.Binder.execTransact:1179 <bottom of call stack> 
07-26 11:47:16.448 12966 14069 E TaskStackListenerAbstract: onTaskSnapshotChanged called by Binder.getCallingPid() 0 android.app.ITaskStackListener$Stub.onTransact:585 android.os.Binder.execTransactInternal:1220 android.os.Binder.execTransact:1179 <bottom of call stack> 
07-26 11:47:16.450  6012 27983 E TaskStackListenerAbstract: onTaskSnapshotChanged called by Binder.getCallingPid() 0 android.app.ITaskStackListener$Stub.onTransact:585 android.os.Binder.execTransactInternal:1220 android.os.Binder.execTransact:1179 <bottom of call stack> 
07-26 11:47:16.451  3450  4025 E TaskStackListenerAbstract: onTaskSnapshotChanged called by Binder.getCallingPid() 0 android.app.ITaskStackListener$Stub.onTransact:585 android.os.Binder.execTransactInternal:1220 android.os.Binder.execTransact:1179 <bottom of call stack> 
07-26 11:47:16.573  1431  5949 E WindowManager: win=Window{244e4b8 u0 com.whatsapp/com.whatsapp.home.ui.HomeActivity} destroySurfaces: appStopped=true win.mWindowRemovalAllowed=false win.mRemoveOnExit=false win.mViewVisibility=8 caller=com.android.server.wm.ActivityRecord.destroySurfaces:5873 com.android.server.wm.ActivityRecord.destroySurfaces:5854 com.android.server.wm.ActivityRecord.notifyAppStopped:5918 com.android.server.wm.ActivityRecord.activityStopped:6560 com.android.server.wm.ActivityClientController.activityStopped:254 android.app.IActivityClientController$Stub.onTransact:596 com.android.server.wm.ActivityClientController.onTransact:130 
