07-26 12:31:28.864  1431  1533 E WindowManager: win=Window{1068b87 u0 Splash Screen com.linkedin.android EXITING} destroySurfaces: appStopped=false win.mWindowRemovalAllowed=true win.mRemoveOnExit=true win.mViewVisibility=8 caller=com.android.server.wm.ActivityRecord.destroySurfaces:5873 com.android.server.wm.ActivityRecord.destroySurfaces:5854 com.android.server.wm.WindowState.onExitAnimationDone:5983 com.android.server.wm.WindowStateAnimator.onAnimationFinished:242 com.android.server.wm.WindowState.onAnimationFinished:6236 com.android.server.wm.WindowContainer$$ExternalSyntheticLambda0.onAnimationFinished:2 com.android.server.wm.SurfaceAnimator.lambda$getFinishedCallback$0$SurfaceAnimator:113 
07-26 12:31:29.286  1431  5892 E WindowManager: win=Window{8350af5 u0 InputMethod} destroySurfaces: appStopped=true win.mWindowRemovalAllowed=false win.mRemoveOnExit=false win.mViewVisibility=8 caller=com.android.server.wm.WindowManagerService.tryStartExitingAnimation:2951 com.android.server.wm.WindowManagerService.relayoutWindow:2675 com.android.server.wm.Session.relayout:242 android.view.IWindowSession$Stub.onTransact:790 com.android.server.wm.Session.onTransact:176 android.os.Binder.execTransactInternal:1215 android.os.Binder.execTransact:1179 
07-26 12:31:29.752  1431  5944 E AppOps  : evalMode() Foreground mode : uid - 5021, op - 26, capability - 0
07-26 12:31:29.852  1431  5892 E AppOps  : evalMode() Foreground mode : uid - 5021, op - 26, capability - 0
07-26 12:31:30.418  1431  1535 E Watchdog: !@Sync: 28309 heap: 147 / 155 [2025-07-26 12:31:30.417] sdogWay: softdog FD: 1241
07-26 12:31:30.593  1431  5892 E AppOps  : Operation not started: uid=5021 pkg=com.samsung.adaptivebrightnessgo(null) op=CAMERA
07-26 12:31:35.756  1431  3545 E AppOps  : evalMode() Foreground mode : uid - 5021, op - 26, capability - 0
07-26 12:31:35.828  1431  3545 E AppOps  : evalMode() Foreground mode : uid - 5021, op - 26, capability - 0
07-26 12:31:36.817  1431  5944 E AppOps  : Operation not started: uid=5021 pkg=com.samsung.adaptivebrightnessgo(null) op=CAMERA
07-26 12:31:40.049 19141 19198 E LoadedApk: Exception : java.lang.NullPointerException: Attempt to invoke virtual method 'boolean android.os.Looper.isPerfLogEnable()' on a null object reference
07-26 12:31:40.049 19141 19198 E LoadedApk: Exception : java.lang.NullPointerException: Attempt to invoke virtual method 'boolean android.os.Looper.isPerfLogEnable()' on a null object reference
07-26 12:31:41.944  1431  1838 E AppOps  : evalMode() Foreground mode : uid - 5021, op - 26, capability - 0
07-26 12:31:42.007  1431  5944 E AppOps  : evalMode() Foreground mode : uid - 5021, op - 26, capability - 0
07-26 12:31:42.647  1431  5732 E AppOps  : Operation not started: uid=5021 pkg=com.samsung.adaptivebrightnessgo(null) op=CAMERA
07-26 12:31:47.778  1431  5942 E AppOps  : evalMode() Foreground mode : uid - 5021, op - 26, capability - 0
07-26 12:31:47.839  1431  5892 E AppOps  : evalMode() Foreground mode : uid - 5021, op - 26, capability - 0
07-26 12:31:48.215  1431  5944 E AppOps  : Operation not started: uid=5021 pkg=com.samsung.adaptivebrightnessgo(null) op=CAMERA
07-26 12:31:53.327  1431  5944 E AppOps  : evalMode() Foreground mode : uid - 5021, op - 26, capability - 0
07-26 12:31:53.392  1431  5892 E AppOps  : evalMode() Foreground mode : uid - 5021, op - 26, capability - 0
07-26 12:31:54.645  1431  5944 E AppOps  : Operation not started: uid=5021 pkg=com.samsung.adaptivebrightnessgo(null) op=CAMERA
07-26 12:31:59.777  1431  1838 E AppOps  : evalMode() Foreground mode : uid - 5021, op - 26, capability - 0
07-26 12:31:59.835  1431  5942 E AppOps  : evalMode() Foreground mode : uid - 5021, op - 26, capability - 0
07-26 12:32:00.426  1431  1535 E Watchdog: !@Sync: 28310 heap: 142 / 142 [2025-07-26 12:32:00.426] sdogWay: softdog FD: 1200
07-26 12:32:00.639  1431  5942 E AppOps  : Operation not started: uid=5021 pkg=com.samsung.adaptivebrightnessgo(null) op=CAMERA
07-26 12:32:05.754  1431  1838 E AppOps  : evalMode() Foreground mode : uid - 5021, op - 26, capability - 0
07-26 12:32:05.813  1431  1838 E AppOps  : evalMode() Foreground mode : uid - 5021, op - 26, capability - 0
07-26 12:32:06.561  1431  5732 E AppOps  : Operation not started: uid=5021 pkg=com.samsung.adaptivebrightnessgo(null) op=CAMERA
07-26 12:32:09.869  1431  1838 E WindowManager: win=Window{8b2c01c u0 ThumbsUpAnimationWindow} destroySurfaces: appStopped=true win.mWindowRemovalAllowed=false win.mRemoveOnExit=false win.mViewVisibility=4 caller=com.android.server.wm.WindowManagerService.tryStartExitingAnimation:2951 com.android.server.wm.WindowManagerService.relayoutWindow:2675 com.android.server.wm.Session.relayout:242 android.view.IWindowSession$Stub.onTransact:790 com.android.server.wm.Session.onTransact:176 android.os.Binder.execTransactInternal:1215 android.os.Binder.execTransact:1179 
07-26 12:32:10.700  1431  5732 E WindowManager: win=Window{8b2c01c u0 ThumbsUpAnimationWindow} destroySurfaces: appStopped=true win.mWindowRemovalAllowed=false win.mRemoveOnExit=false win.mViewVisibility=4 caller=com.android.server.wm.WindowManagerService.tryStartExitingAnimation:2951 com.android.server.wm.WindowManagerService.relayoutWindow:2675 com.android.server.wm.Session.relayout:242 android.view.IWindowSession$Stub.onTransact:790 com.android.server.wm.Session.onTransact:176 android.os.Binder.execTransactInternal:1215 android.os.Binder.execTransact:1179 
07-26 12:32:11.687  1431  3545 E AppOps  : evalMode() Foreground mode : uid - 5021, op - 26, capability - 0
07-26 12:32:11.754  1431  5892 E AppOps  : evalMode() Foreground mode : uid - 5021, op - 26, capability - 0
07-26 12:32:12.377  1431  5892 E AppOps  : Operation not started: uid=5021 pkg=com.samsung.adaptivebrightnessgo(null) op=CAMERA
07-26 12:32:17.508  1431  5892 E AppOps  : evalMode() Foreground mode : uid - 5021, op - 26, capability - 0
07-26 12:32:17.569  1431  3545 E AppOps  : evalMode() Foreground mode : uid - 5021, op - 26, capability - 0
07-26 12:32:18.515  1431  5892 E AppOps  : Operation not started: uid=5021 pkg=com.samsung.adaptivebrightnessgo(null) op=CAMERA
07-26 12:32:23.661  1431  5944 E AppOps  : evalMode() Foreground mode : uid - 5021, op - 26, capability - 0
07-26 12:32:23.721  1431  5944 E AppOps  : evalMode() Foreground mode : uid - 5021, op - 26, capability - 0
07-26 12:32:24.169  1431  5944 E AppOps  : Operation not started: uid=5021 pkg=com.samsung.adaptivebrightnessgo(null) op=CAMERA
07-26 12:32:27.045  1431  5732 E WindowManager: win=Window{67c7ac5 u0 com.linkedin.android/com.linkedin.android.identity.me.notifications.cards.IntentProxyActivity} destroySurfaces: appStopped=true win.mWindowRemovalAllowed=false win.mRemoveOnExit=false win.mViewVisibility=4 caller=com.android.server.wm.ActivityRecord.destroySurfaces:5873 com.android.server.wm.ActivityRecord.destroySurfaces:5854 com.android.server.wm.ActivityRecord.notifyAppStopped:5918 com.android.server.wm.ActivityRecord.activityStopped:6560 com.android.server.wm.ActivityClientController.activityStopped:254 android.app.IActivityClientController$Stub.onTransact:596 com.android.server.wm.ActivityClientController.onTransact:130 
07-26 12:32:27.495  1431  3545 E WindowManager: win=Window{569d618 u0 com.linkedin.android/com.linkedin.android.infra.navigation.MainActivity} destroySurfaces: appStopped=true win.mWindowRemovalAllowed=false win.mRemoveOnExit=false win.mViewVisibility=8 caller=com.android.server.wm.ActivityRecord.destroySurfaces:5873 com.android.server.wm.ActivityRecord.destroySurfaces:5854 com.android.server.wm.ActivityRecord.notifyAppStopped:5918 com.android.server.wm.ActivityRecord.activityStopped:6560 com.android.server.wm.ActivityClientController.activityStopped:254 android.app.IActivityClientController$Stub.onTransact:596 com.android.server.wm.ActivityClientController.onTransact:130 
07-26 12:32:29.301  1431  5944 E AppOps  : evalMode() Foreground mode : uid - 5021, op - 26, capability - 0
07-26 12:32:29.363  1431  5892 E AppOps  : evalMode() Foreground mode : uid - 5021, op - 26, capability - 0
07-26 12:32:30.371  1431  5892 E AppOps  : Operation not started: uid=5021 pkg=com.samsung.adaptivebrightnessgo(null) op=CAMERA
07-26 12:32:30.441  1431  1535 E Watchdog: !@Sync: 28311 heap: 137 / 141 [2025-07-26 12:32:30.441] sdogWay: softdog FD: 1204
07-26 12:32:35.492  1431  3545 E AppOps  : evalMode() Foreground mode : uid - 5021, op - 26, capability - 0
07-26 12:32:35.552  1431  5732 E AppOps  : evalMode() Foreground mode : uid - 5021, op - 26, capability - 0
07-26 12:32:35.920  1431  3545 E AppOps  : Operation not started: uid=5021 pkg=com.samsung.adaptivebrightnessgo(null) op=CAMERA
07-26 12:32:41.046  1431  5892 E AppOps  : evalMode() Foreground mode : uid - 5021, op - 26, capability - 0
07-26 12:32:41.105  1431  5732 E AppOps  : evalMode() Foreground mode : uid - 5021, op - 26, capability - 0
07-26 12:32:41.736  1431  5892 E AppOps  : Operation not started: uid=5021 pkg=com.samsung.adaptivebrightnessgo(null) op=CAMERA
07-26 12:32:46.873  1431  5944 E AppOps  : evalMode() Foreground mode : uid - 5021, op - 26, capability - 0
07-26 12:32:46.940  1431  5944 E AppOps  : evalMode() Foreground mode : uid - 5021, op - 26, capability - 0
07-26 12:32:47.591  1431  5944 E AppOps  : Operation not started: uid=5021 pkg=com.samsung.adaptivebrightnessgo(null) op=CAMERA
07-26 12:32:52.719  1431  3545 E AppOps  : evalMode() Foreground mode : uid - 5021, op - 26, capability - 0
07-26 12:32:52.801  1431  5892 E AppOps  : evalMode() Foreground mode : uid - 5021, op - 26, capability - 0
07-26 12:32:52.960  1431  5892 E WindowManager: win=Window{8b2c01c u0 ThumbsUpAnimationWindow} destroySurfaces: appStopped=true win.mWindowRemovalAllowed=false win.mRemoveOnExit=false win.mViewVisibility=4 caller=com.android.server.wm.WindowManagerService.tryStartExitingAnimation:2951 com.android.server.wm.WindowManagerService.relayoutWindow:2675 com.android.server.wm.Session.relayout:242 android.view.IWindowSession$Stub.onTransact:790 com.android.server.wm.Session.onTransact:176 android.os.Binder.execTransactInternal:1215 android.os.Binder.execTransact:1179 
07-26 12:32:53.163  1431  5892 E AppOps  : Operation not started: uid=5021 pkg=com.samsung.adaptivebrightnessgo(null) op=CAMERA
07-26 12:32:53.637  1431  5892 E WindowManager: win=Window{8b2c01c u0 ThumbsUpAnimationWindow} destroySurfaces: appStopped=true win.mWindowRemovalAllowed=false win.mRemoveOnExit=false win.mViewVisibility=4 caller=com.android.server.wm.WindowManagerService.tryStartExitingAnimation:2951 com.android.server.wm.WindowManagerService.relayoutWindow:2675 com.android.server.wm.Session.relayout:242 android.view.IWindowSession$Stub.onTransact:790 com.android.server.wm.Session.onTransact:176 android.os.Binder.execTransactInternal:1215 android.os.Binder.execTransact:1179 
07-26 12:32:58.277  1431  5892 E AppOps  : evalMode() Foreground mode : uid - 5021, op - 26, capability - 0
07-26 12:32:58.337  1431  5942 E AppOps  : evalMode() Foreground mode : uid - 5021, op - 26, capability - 0
07-26 12:32:59.107  1431  5892 E AppOps  : Operation not started: uid=5021 pkg=com.samsung.adaptivebrightnessgo(null) op=CAMERA
07-26 12:33:00.454  1431  1535 E Watchdog: !@Sync: 28312 heap: 125 / 145 [2025-07-26 12:33:00.453] sdogWay: softdog FD: 1198
07-26 12:33:04.239  1431  1838 E AppOps  : evalMode() Foreground mode : uid - 5021, op - 26, capability - 0
07-26 12:33:04.303  1431  5892 E AppOps  : evalMode() Foreground mode : uid - 5021, op - 26, capability - 0
07-26 12:33:05.012  1431  1838 E AppOps  : Operation not started: uid=5021 pkg=com.samsung.adaptivebrightnessgo(null) op=CAMERA
07-26 12:33:10.152  1431  5944 E AppOps  : evalMode() Foreground mode : uid - 5021, op - 26, capability - 0
07-26 12:33:10.217  1431  3545 E AppOps  : evalMode() Foreground mode : uid - 5021, op - 26, capability - 0
07-26 12:33:10.857  1431  5944 E AppOps  : Operation not started: uid=5021 pkg=com.samsung.adaptivebrightnessgo(null) op=CAMERA
07-26 12:33:15.990  1431  6692 E AppOps  : evalMode() Foreground mode : uid - 5021, op - 26, capability - 0
07-26 12:33:16.056  1431  6692 E AppOps  : evalMode() Foreground mode : uid - 5021, op - 26, capability - 0
07-26 12:33:16.804  1431  5892 E AppOps  : Operation not started: uid=5021 pkg=com.samsung.adaptivebrightnessgo(null) op=CAMERA
07-26 12:33:21.933  1431  5942 E AppOps  : evalMode() Foreground mode : uid - 5021, op - 26, capability - 0
07-26 12:33:21.995  1431  5942 E AppOps  : evalMode() Foreground mode : uid - 5021, op - 26, capability - 0
07-26 12:33:22.738  1431  5892 E AppOps  : Operation not started: uid=5021 pkg=com.samsung.adaptivebrightnessgo(null) op=CAMERA
07-26 12:33:27.878  1431  5892 E AppOps  : evalMode() Foreground mode : uid - 5021, op - 26, capability - 0
07-26 12:33:27.939  1431  5892 E AppOps  : evalMode() Foreground mode : uid - 5021, op - 26, capability - 0
07-26 12:33:28.565  1431  5876 E AppOps  : Operation not started: uid=5021 pkg=com.samsung.adaptivebrightnessgo(null) op=CAMERA
07-26 12:33:30.461  1431  1535 E Watchdog: !@Sync: 28313 heap: 132 / 143 [2025-07-26 12:33:30.461] sdogWay: softdog FD: 1197
07-26 12:33:33.712  1431  4198 E AppOps  : evalMode() Foreground mode : uid - 5021, op - 26, capability - 0
07-26 12:33:33.774  1431  5876 E AppOps  : evalMode() Foreground mode : uid - 5021, op - 26, capability - 0
07-26 12:33:34.672  1431  5892 E AppOps  : Operation not started: uid=5021 pkg=com.samsung.adaptivebrightnessgo(null) op=CAMERA
07-26 12:33:39.812  1431  5876 E AppOps  : evalMode() Foreground mode : uid - 5021, op - 26, capability - 0
07-26 12:33:39.882  1431  4198 E AppOps  : evalMode() Foreground mode : uid - 5021, op - 26, capability - 0
07-26 12:33:40.653  1431  5875 E AppOps  : Operation not started: uid=5021 pkg=com.samsung.adaptivebrightnessgo(null) op=CAMERA
07-26 12:33:45.793  1431  5875 E AppOps  : evalMode() Foreground mode : uid - 5021, op - 26, capability - 0
07-26 12:33:45.869  1431  5876 E AppOps  : evalMode() Foreground mode : uid - 5021, op - 26, capability - 0
07-26 12:33:45.999  1431  1533 E WindowManager: win=Window{6c466c u0 com.linkedin.android/com.linkedin.android.infra.navigation.MainActivity EXITING} destroySurfaces: appStopped=false win.mWindowRemovalAllowed=true win.mRemoveOnExit=true win.mViewVisibility=0 caller=com.android.server.wm.ActivityRecord.destroySurfaces:5873 com.android.server.wm.ActivityRecord.destroySurfaces:5854 com.android.server.wm.WindowState.onExitAnimationDone:5983 com.android.server.wm.WindowStateAnimator.onAnimationFinished:242 com.android.server.wm.WindowState.onAnimationFinished:6236 com.android.server.wm.WindowContainer$$ExternalSyntheticLambda0.onAnimationFinished:2 com.android.server.wm.SurfaceAnimator.lambda$getFinishedCallback$0$SurfaceAnimator:113 
07-26 12:33:46.319  1431  5876 E WindowManager: win=Window{8b2c01c u0 ThumbsUpAnimationWindow} destroySurfaces: appStopped=true win.mWindowRemovalAllowed=false win.mRemoveOnExit=false win.mViewVisibility=4 caller=com.android.server.wm.WindowManagerService.tryStartExitingAnimation:2951 com.android.server.wm.WindowManagerService.relayoutWindow:2675 com.android.server.wm.Session.relayout:242 android.view.IWindowSession$Stub.onTransact:790 com.android.server.wm.Session.onTransact:176 android.os.Binder.execTransactInternal:1215 android.os.Binder.execTransact:1179 
07-26 12:33:46.514  1431  5875 E AppOps  : Operation not started: uid=5021 pkg=com.samsung.adaptivebrightnessgo(null) op=CAMERA
07-26 12:33:51.654  1431  4198 E AppOps  : evalMode() Foreground mode : uid - 5021, op - 26, capability - 0
07-26 12:33:51.711  1431  4198 E AppOps  : evalMode() Foreground mode : uid - 5021, op - 26, capability - 0
07-26 12:33:51.867  1431  3400 E WindowManager: win=Window{8b2c01c u0 ThumbsUpAnimationWindow} destroySurfaces: appStopped=true win.mWindowRemovalAllowed=false win.mRemoveOnExit=false win.mViewVisibility=4 caller=com.android.server.wm.WindowManagerService.tryStartExitingAnimation:2951 com.android.server.wm.WindowManagerService.relayoutWindow:2675 com.android.server.wm.Session.relayout:242 android.view.IWindowSession$Stub.onTransact:790 com.android.server.wm.Session.onTransact:176 android.os.Binder.execTransactInternal:1215 android.os.Binder.execTransact:1179 
07-26 12:33:52.145 12966  2706 E TaskStackListenerAbstract: onTaskSnapshotChanged called by Binder.getCallingPid() 0 android.app.ITaskStackListener$Stub.onTransact:585 android.os.Binder.execTransactInternal:1220 android.os.Binder.execTransact:1179 <bottom of call stack> 
07-26 12:33:52.145  3450  3497 E TaskStackListenerAbstract: onTaskSnapshotChanged called by Binder.getCallingPid() 0 android.app.ITaskStackListener$Stub.onTransact:585 android.os.Binder.execTransactInternal:1220 android.os.Binder.execTransact:1179 <bottom of call stack> 
07-26 12:33:52.146  6012 14971 E TaskStackListenerAbstract: onTaskSnapshotChanged called by Binder.getCallingPid() 0 android.app.ITaskStackListener$Stub.onTransact:585 android.os.Binder.execTransactInternal:1220 android.os.Binder.execTransact:1179 <bottom of call stack> 
07-26 12:33:52.147  3450 17260 E TaskStackListenerAbstract: onTaskSnapshotChanged called by Binder.getCallingPid() 0 android.app.ITaskStackListener$Stub.onTransact:585 android.os.Binder.execTransactInternal:1220 android.os.Binder.execTransact:1179 <bottom of call stack> 
07-26 12:33:52.154 26203 26217 E TaskStackListenerAbstract: onTaskSnapshotChanged called by Binder.getCallingPid() 0 android.app.ITaskStackListener$Stub.onTransact:585 android.os.Binder.execTransactInternal:1220 android.os.Binder.execTransact:1179 <bottom of call stack> 
07-26 12:33:52.254  1431  3544 E AppOps  : Operation not started: uid=5021 pkg=com.samsung.adaptivebrightnessgo(null) op=CAMERA
07-26 12:33:52.333  1431  5949 E WindowManager: win=Window{569d618 u0 com.linkedin.android/com.linkedin.android.infra.navigation.MainActivity} destroySurfaces: appStopped=true win.mWindowRemovalAllowed=false win.mRemoveOnExit=false win.mViewVisibility=8 caller=com.android.server.wm.ActivityRecord.destroySurfaces:5873 com.android.server.wm.ActivityRecord.destroySurfaces:5854 com.android.server.wm.ActivityRecord.notifyAppStopped:5918 com.android.server.wm.ActivityRecord.activityStopped:6560 com.android.server.wm.ActivityClientController.activityStopped:254 android.app.IActivityClientController$Stub.onTransact:596 com.android.server.wm.ActivityClientController.onTransact:130 
07-26 12:33:52.489  1431  5876 E WindowManager: win=Window{fb27ce3 u0 com.samsung.android.app.cocktailbarservice/com.samsung.android.app.cocktailbarservice.CocktailBarService} destroySurfaces: appStopped=true win.mWindowRemovalAllowed=false win.mRemoveOnExit=false win.mViewVisibility=8 caller=com.android.server.wm.WindowManagerService.tryStartExitingAnimation:2951 com.android.server.wm.WindowManagerService.relayoutWindow:2675 com.android.server.wm.Session.relayout:242 android.view.IWindowSession$Stub.onTransact:790 com.android.server.wm.Session.onTransact:176 android.os.Binder.execTransactInternal:1215 android.os.Binder.execTransact:1179 
07-26 12:33:52.698  1431  5949 E WindowManager: win=Window{a656484 u0 ThumbsUpHandler_L} destroySurfaces: appStopped=true win.mWindowRemovalAllowed=false win.mRemoveOnExit=false win.mViewVisibility=8 caller=com.android.server.wm.WindowManagerService.tryStartExitingAnimation:2951 com.android.server.wm.WindowManagerService.relayoutWindow:2675 com.android.server.wm.Session.relayout:242 android.view.IWindowSession$Stub.onTransact:790 com.android.server.wm.Session.onTransact:176 android.os.Binder.execTransactInternal:1215 android.os.Binder.execTransact:1179 
07-26 12:33:52.720  1431  5875 E WindowManager: win=Window{71644f0 u0 ThumbsUpHandler_R} destroySurfaces: appStopped=true win.mWindowRemovalAllowed=false win.mRemoveOnExit=false win.mViewVisibility=8 caller=com.android.server.wm.WindowManagerService.tryStartExitingAnimation:2951 com.android.server.wm.WindowManagerService.relayoutWindow:2675 com.android.server.wm.Session.relayout:242 android.view.IWindowSession$Stub.onTransact:790 com.android.server.wm.Session.onTransact:176 android.os.Binder.execTransactInternal:1215 android.os.Binder.execTransact:1179 
07-26 12:33:53.228 16392 23002 E LoadedApk: Exception : java.lang.NullPointerException: Attempt to invoke virtual method 'boolean android.os.Looper.isPerfLogEnable()' on a null object reference
07-26 12:33:53.313 16392  2149 E LoadedApk: Exception : java.lang.NullPointerException: Attempt to invoke virtual method 'boolean android.os.Looper.isPerfLogEnable()' on a null object reference
07-26 12:33:53.324 16392  2149 E LoadedApk: Exception : java.lang.NullPointerException: Attempt to invoke virtual method 'boolean android.os.Looper.isPerfLogEnable()' on a null object reference
07-26 12:34:00.483  1431  1535 E Watchdog: !@Sync: 28314 heap: 140 / 147 [2025-07-26 12:34:00.482] sdogWay: softdog FD: 1197
07-26 12:34:30.496  1431  1535 E Watchdog: !@Sync: 28315 heap: 144 / 147 [2025-07-26 12:34:30.495] sdogWay: softdog FD: 1196
--------- beginning of main
07-26 12:34:52.226  1431  1551 E system_server: Cannot read thread CPU times for PID 1431
07-26 12:34:52.241   941   960 E mtkpower@impl: [setMode] unknown type
07-26 12:34:53.504   941   960 E mtkpower@impl: [setMode] unknown type
07-26 12:34:53.549  1431  1551 E system_server: Cannot read thread CPU times for PID 1431
07-26 12:34:53.692  1431  1551 E system_server: Cannot read thread CPU times for PID 1431
07-26 12:34:53.697   941   960 E mtkpower@impl: [setMode] unknown type
07-26 12:34:57.514   741   741 E audit   : type=1400 audit(1753513497.511:487268): avc:  denied  { write } for  pid=19141 comm="ThreadPoolForeg" name="traced_producer" dev="tmpfs" ino=13273 scontext=u:r:gmscore_app:s0:c512,c768 tcontext=u:object_r:traced_producer_socket:s0 tclass=sock_file permissive=0 SEPF_SM-A315F_12_0001 audit_filtered
07-26 12:34:57.514   741   741 E audit   : type=1300 audit(1753513497.511:487268): arch=c00000b7 syscall=203 success=no exit=-13 a0=e5 a1=b400007781a99020 a2=1e a3=ffffffff97887a9e items=0 ppid=907 pid=19141 auid=4294967295 uid=10219 gid=10219 euid=10219 suid=10219 fsuid=10219 egid=10219 sgid=10219 fsgid=10219 tty=(none) ses=4294967295 comm="ThreadPoolForeg" exe="/system/bin/app_process64" subj=u:r:gmscore_app:s0:c512,c768 key=(null)
07-26 12:34:57.514   741   741 E audit   : type=1327 audit(1753513497.511:487268): proctitle="com.google.android.gms"
07-26 12:34:58.281 26696 26965 E msys    : E[N mns]_OnDiskCacheGetData(542)=>Start post callback cache refresh DNS resolution
07-26 12:34:58.303 26696 26965 E MvfstCallbacks.cpp: onConnectionSetupError: error=TransportError: Internal Error, Error on socket write Operation not permitted, 
07-26 12:34:58.318 26696 26965 E MvfstCallbacks.cpp: onConnectionSetupError: error=TransportError: Internal Error, Error on socket write Operation not permitted, 
07-26 12:34:58.319 26696 26965 E msys    : E[N mns]_LogError(204)=>Failed to resolve using system DNS resolver, getaddrinfo(): No address associated with hostname
07-26 12:34:58.319 26696 26965 E msys    : E[N mns]_OnDiskCacheGetData(542)=>Start post callback cache refresh DNS resolution
07-26 12:34:58.329 26696 26965 E msys    : E[N mns]_LogError(204)=>Failed to resolve using system DNS resolver, getaddrinfo(): No address associated with hostname
07-26 12:34:58.350   741   741 E audit   : type=1400 audit(1753513498.347:487269): avc:  denied  { write } for  pid=16392 comm="ThreadPoolForeg" name="traced_producer" dev="tmpfs" ino=13273 scontext=u:r:gmscore_app:s0:c512,c768 tcontext=u:object_r:traced_producer_socket:s0 tclass=sock_file permissive=0 SEPF_SM-A315F_12_0001 audit_filtered
07-26 12:35:00.505  1431  1535 E Watchdog: !@Sync: 28316 heap: 122 / 142 [2025-07-26 12:35:00.504] sdogWay: softdog FD: 1176
07-26 12:35:00.511 16392 23002 E AuthPII : [RequestTokenManager] getToken() -> BAD_AUTHENTICATION. App: com.google.android.gms, Service: oauth2:https://www.googleapis.com/auth/webhistory
07-26 12:35:00.511 16392 23002 E AuthPII : aymv: Long live credential not available.
07-26 12:35:00.511 16392 23002 E AuthPII : 	at aciz.a(:com.google.android.gms@252635029@25.26.35 (190400-783060121):1277)
07-26 12:35:00.511 16392 23002 E AuthPII : 	at acjf.b(:com.google.android.gms@252635029@25.26.35 (190400-783060121):30)
07-26 12:35:00.511 16392 23002 E AuthPII : 	at acjd.a(:com.google.android.gms@252635029@25.26.35 (190400-783060121):552)
07-26 12:35:00.511 16392 23002 E AuthPII : 	at acjc.b(:com.google.android.gms@252635029@25.26.35 (190400-783060121):115)
07-26 12:35:00.511 16392 23002 E AuthPII : 	at vtb.h(:com.google.android.gms@252635029@25.26.35 (190400-783060121):497)
07-26 12:35:00.511 16392 23002 E AuthPII : 	at vtb.d(:com.google.android.gms@252635029@25.26.35 (190400-783060121):145)
07-26 12:35:00.511 16392 23002 E AuthPII : 	at abnb.a(:com.google.android.gms@252635029@25.26.35 (190400-783060121):33)
07-26 12:35:00.511 16392 23002 E AuthPII : 	at abnh.l(:com.google.android.gms@252635029@25.26.35 (190400-783060121):34)
07-26 12:35:00.511 16392 23002 E AuthPII : 	at abnh.n(:com.google.android.gms@252635029@25.26.35 (190400-783060121):64)
07-26 12:35:00.511 16392 23002 E AuthPII : 	at abnh.g(:com.google.android.gms@252635029@25.26.35 (190400-783060121):4)
07-26 12:35:00.511 16392 23002 E AuthPII : 	at acau.d(:com.google.android.gms@252635029@25.26.35 (190400-783060121):33)
07-26 12:35:00.511 16392 23002 E AuthPII : 	at acau.b(:com.google.android.gms@252635029@25.26.35 (190400-783060121):6)
07-26 12:35:00.511 16392 23002 E AuthPII : 	at ehxc.a(:com.google.android.gms@252635029@25.26.35 (190400-783060121):26)
07-26 12:35:00.511 16392 23002 E AuthPII : 	at ehwl.a(:com.google.android.gms@252635029@25.26.35 (190400-783060121):59)
07-26 12:35:00.511 16392 23002 E AuthPII : 	at gghc.d(:com.google.android.gms@252635029@25.26.35 (190400-783060121):3)
07-26 12:35:00.511 16392 23002 E AuthPII : 	at gghe.run(:com.google.android.gms@252635029@25.26.35 (190400-783060121):38)
07-26 12:35:00.511 16392 23002 E AuthPII : 	at ggiq.execute(:com.google.android.gms@252635029@25.26.35 (190400-783060121):1)
07-26 12:35:00.511 16392 23002 E AuthPII : 	at ggjy.hF(:com.google.android.gms@252635029@25.26.35 (190400-783060121):6)
07-26 12:35:00.511 16392 23002 E AuthPII : 	at ggje.hF(:com.google.android.gms@252635029@25.26.35 (190400-783060121):3)
07-26 12:35:00.511 16392 23002 E AuthPII : 	at gghe.g(:com.google.android.gms@252635029@25.26.35 (190400-783060121):10)
07-26 12:35:00.511 16392 23002 E AuthPII : 	at ehwk.a(:com.google.android.gms@252635029@25.26.35 (190400-783060121):20)
07-26 12:35:00.511 16392 23002 E AuthPII : 	at ggix.a(:com.google.android.gms@252635029@25.26.35 (190400-783060121):20)
07-26 12:35:00.511 16392 23002 E AuthPII : 	at gglb.a(:com.google.android.gms@252635029@25.26.35 (190400-783060121):3)
07-26 12:35:00.511 16392 23002 E AuthPII : 	at ggkc.run(:com.google.android.gms@252635029@25.26.35 (190400-783060121):19)
07-26 12:35:00.511 16392 23002 E AuthPII : 	at ggld.run(:com.google.android.gms@252635029@25.26.35 (190400-783060121):5)
07-26 12:35:00.511 16392 23002 E AuthPII : 	at ggiz.run(:com.google.android.gms@252635029@25.26.35 (190400-783060121):53)
07-26 12:35:00.511 16392 23002 E AuthPII : 	at ggiq.execute(:com.google.android.gms@252635029@25.26.35 (190400-783060121):1)
07-26 12:35:00.511 16392 23002 E AuthPII : 	at ggiz.execute(:com.google.android.gms@252635029@25.26.35 (190400-783060121):76)
07-26 12:35:00.511 16392 23002 E AuthPII : 	at gggr.f(:com.google.android.gms@252635029@25.26.35 (190400-783060121):1)
07-26 12:35:00.511 16392 23002 E AuthPII : 	at gggr.hF(:com.google.android.gms@252635029@25.26.35 (190400-783060121):41)
07-26 12:35:00.511 16392 23002 E AuthPII : 	at ggjb.b(:com.google.android.gms@252635029@25.26.35 (190400-783060121):33)
07-26 12:35:00.511 16392 23002 E AuthPII : 	at ehwt.a(:com.google.android.gms@252635029@25.26.35 (190400-783060121):10)
07-26 12:35:00.511 16392 23002 E AuthPII : 	at ehur.c(:com.google.android.gms@252635029@25.26.35 (190400-783060121):15)
07-26 12:35:00.511 16392 23002 E AuthPII : 	at ehvo.a(:com.google.android.gms@252635029@25.26.35 (190400-783060121):81)
07-26 12:35:00.511 16392 23002 E AuthPII : 	at ehtx.j(:com.google.android.gms@252635029@25.26.35 (190400-783060121):725)
07-26 12:35:00.511 16392 23002 E AuthPII : 	at ehtx.h(:com.google.android.gms@252635029@25.26.35 (190400-783060121):83)
07-26 12:35:00.511 16392 23002 E AuthPII : 	at ehtx.k(:com.google.android.gms@252635029@25.26.35 (190400-783060121):50)
07-26 12:35:00.511 16392 23002 E AuthPII : 	at ehtx.c(:com.google.android.gms@252635029@25.26.35 (190400-783060121):1739)
07-26 12:35:00.511 16392 23002 E AuthPII : 	at ehts.b(:com.google.android.gms@252635029@25.26.35 (190400-783060121):9)
07-26 12:35:00.511 16392 23002 E AuthPII : 	at ggjj.run(:com.google.android.gms@252635029@25.26.35 (190400-783060121):29)
07-26 12:35:00.511 16392 23002 E AuthPII : 	at azsg.c(:com.google.android.gms@252635029@25.26.35 (190400-783060121):50)
07-26 12:35:00.511 16392 23002 E AuthPII : 	at azsg.run(:com.google.android.gms@252635029@25.26.35 (190400-783060121):89)
07-26 12:35:00.511 16392 23002 E AuthPII : 	at java.util.concurrent.ThreadPoolExecutor.runWorker(ThreadPoolExecutor.java:1137)
07-26 12:35:00.511 16392 23002 E AuthPII : 	at java.util.concurrent.ThreadPoolExecutor$Worker.run(ThreadPoolExecutor.java:637)
07-26 12:35:00.511 16392 23002 E AuthPII : 	at azxy.run(:com.google.android.gms@252635029@25.26.35 (190400-783060121):8)
07-26 12:35:00.511 16392 23002 E AuthPII : 	at java.lang.Thread.run(Thread.java:1012)
07-26 12:35:00.511 16392 23002 E AuthPII : Message is Long live credential not available.
07-26 12:35:00.511 16392 23002 E AuthPII : aymv: Long live credential not available.
07-26 12:35:00.511 16392 23002 E AuthPII : 	at aciz.a(:com.google.android.gms@252635029@25.26.35 (190400-783060121):1277)
07-26 12:35:00.511 16392 23002 E AuthPII : 	at acjf.b(:com.google.android.gms@252635029@25.26.35 (190400-783060121):30)
07-26 12:35:00.511 16392 23002 E AuthPII : 	at acjd.a(:com.google.android.gms@252635029@25.26.35 (190400-783060121):552)
07-26 12:35:00.511 16392 23002 E AuthPII : 	at acjc.b(:com.google.android.gms@252635029@25.26.35 (190400-783060121):115)
07-26 12:35:00.511 16392 23002 E AuthPII : 	at vtb.h(:com.google.android.gms@252635029@25.26.35 (190400-783060121):497)
07-26 12:35:00.511 16392 23002 E AuthPII : 	at vtb.d(:com.google.android.gms@252635029@25.26.35 (190400-783060121):145)
07-26 12:35:00.511 16392 23002 E AuthPII : 	at abnb.a(:com.google.android.gms@252635029@25.26.35 (190400-783060121):33)
07-26 12:35:00.511 16392 23002 E AuthPII : 	at abnh.l(:com.google.android.gms@252635029@25.26.35 (190400-783060121):34)
07-26 12:35:00.511 16392 23002 E AuthPII : 	at abnh.n(:com.google.android.gms@252635029@25.26.35 (190400-783060121):64)
07-26 12:35:00.511 16392 23002 E AuthPII : 	at abnh.g(:com.google.android.gms@252635029@25.26.35 (190400-783060121):4)
07-26 12:35:00.511 16392 23002 E AuthPII : 	at acau.d(:com.google.android.gms@252635029@25.26.35 (190400-783060121):33)
07-26 12:35:00.511 16392 23002 E AuthPII : 	at acau.b(:com.google.android.gms@252635029@25.26.35 (190400-783060121):6)
07-26 12:35:00.511 16392 23002 E AuthPII : 	at ehxc.a(:com.google.android.gms@252635029@25.26.35 (190400-783060121):26)
07-26 12:35:00.511 16392 23002 E AuthPII : 	at ehwl.a(:com.google.android.gms@252635029@25.26.35 (190400-783060121):59)
07-26 12:35:00.511 16392 23002 E AuthPII : 	at gghc.d(:com.google.android.gms@252635029@25.26.35 (190400-783060121):3)
07-26 12:35:00.511 16392 23002 E AuthPII : 	at gghe.run(:com.google.android.gms@252635029@25.26.35 (190400-783060121):38)
07-26 12:35:00.511 16392 23002 E AuthPII : 	at ggiq.execute(:com.google.android.gms@252635029@25.26.35 (190400-783060121):1)
07-26 12:35:00.511 16392 23002 E AuthPII : 	at ggjy.hF(:com.google.android.gms@252635029@25.26.35 (190400-783060121):6)
07-26 12:35:00.511 16392 23002 E AuthPII : 	at ggje.hF(:com.google.android.gms@252635029@25.26.35 (190400-783060121):3)
07-26 12:35:00.511 16392 23002 E AuthPII : 	at gghe.g(:com.google.android.gms@252635029@25.26.35 (190400-783060121):10)
07-26 12:35:00.511 16392 23002 E AuthPII : 	at ehwk.a(:com.google.android.gms@252635029@25.26.35 (190400-783060121):20)
07-26 12:35:00.511 16392 23002 E AuthPII : 	at ggix.a(:com.google.android.gms@252635029@25.26.35 (190400-783060121):20)
07-26 12:35:00.511 16392 23002 E AuthPII : 	at gglb.a(:com.google.android.gms@252635029@25.26.35 (190400-783060121):3)
07-26 12:35:00.511 16392 23002 E AuthPII : 	at ggkc.run(:com.google.android.gms@252635029@25.26.35 (190400-783060121):19)
07-26 12:35:00.511 16392 23002 E AuthPII : 	at ggld.run(:com.google.android.gms@252635029@25.26.35 (190400-783060121):5)
07-26 12:35:00.511 16392 23002 E AuthPII : 	at ggiz.run(:com.google.android.gms@252635029@25.26.35 (190400-783060121):53)
07-26 12:35:00.511 16392 23002 E AuthPII : 	at ggiq.execute(:com.google.android.gms@252635029@25.26.35 (190400-783060121):1)
07-26 12:35:00.511 16392 23002 E AuthPII : 	at ggiz.execute(:com.google.android.gms@252635029@25.26.35 (190400-783060121):76)
07-26 12:35:00.511 16392 23002 E AuthPII : 	at gggr.f(:com.google.android.gms@252635029@25.26.35 (190400-783060121):1)
07-26 12:35:00.511 16392 23002 E AuthPII : 	at gggr.hF(:com.google.android.gms@252635029@25.26.35 (190400-783060121):41)
07-26 12:35:00.511 16392 23002 E AuthPII : 	at ggjb.b(:com.google.android.gms@252635029@25.26.35 (190400-783060121):33)
07-26 12:35:00.511 16392 23002 E AuthPII : 	at ehwt.a(:com.google.android.gms@252635029@25.26.35 (190400-783060121):10)
07-26 12:35:00.511 16392 23002 E AuthPII : 	at ehur.c(:com.google.android.gms@252635029@25.26.35 (190400-783060121):15)
07-26 12:35:00.511 16392 23002 E AuthPII : 	at ehvo.a(:com.google.android.gms@252635029@25.26.35 (190400-783060121):81)
07-26 12:35:00.511 16392 23002 E AuthPII : 	at ehtx.j(:com.google.android.gms@252635029@25.26.35 (190400-783060121):725)
07-26 12:35:00.511 16392 23002 E AuthPII : 	at ehtx.h(:com.google.android.gms@252635029@25.26.35 (190400-783060121):83)
07-26 12:35:00.511 16392 23002 E AuthPII : 	at ehtx.k(:com.google.android.gms@252635029@25.26.35 (190400-783060121):50)
07-26 12:35:00.511 16392 23002 E AuthPII : 	at ehtx.c(:com.google.android.gms@252635029@25.26.35 (190400-783060121):1739)
07-26 12:35:00.511 16392 23002 E AuthPII : 	at ehts.b(:com.google.android.gms@252635029@25.26.35 (190400-783060121):9)
07-26 12:35:00.511 16392 23002 E AuthPII : 	at ggjj.run(:com.google.android.gms@252635029@25.26.35 (190400-783060121):29)
07-26 12:35:00.511 16392 23002 E AuthPII : 	at azsg.c(:com.google.android.gms@252635029@25.26.35 (190400-783060121):50)
07-26 12:35:00.511 16392 23002 E AuthPII : 	at azsg.run(:com.google.android.gms@252635029@25.26.35 (190400-783060121):89)
07-26 12:35:00.511 16392 23002 E AuthPII : 	at java.util.concurrent.ThreadPoolExecutor.runWorker(ThreadPoolExecutor.java:1137)
07-26 12:35:00.511 16392 23002 E AuthPII : 	at java.util.concurrent.ThreadPoolExecutor$Worker.run(ThreadPoolExecutor.java:637)
07-26 12:35:00.511 16392 23002 E AuthPII : 	at azxy.run(:com.google.android.gms@252635029@25.26.35 (190400-783060121):8)
07-26 12:35:00.511 16392 23002 E AuthPII : 	at java.lang.Thread.run(Thread.java:1012)
07-26 12:35:01.963   927   927 E android.hardware.health@2.1-service-samsung: Could not open /sys/class/power_supply/battery/lrp
07-26 12:35:01.973  3450  4162 E PowerUI.Notification: no saved value, so we do nothing !!
07-26 12:35:01.997   941   960 E mtkpower@impl: [setMode] unknown type
07-26 12:35:02.017  1431  1551 E system_server: Cannot read thread CPU times for PID 1431
07-26 12:35:02.185  1431  1551 E system_server: Cannot read thread CPU times for PID 1431
07-26 12:35:02.191   941   960 E mtkpower@impl: [setMode] unknown type
07-26 12:35:11.653 26365 26365 E egram.messenge: Not starting debugger since process cannot load the jdwp agent.
07-26 12:35:11.657 26365 26365 E USNET   : USNET: appName: org.telegram.messenger
07-26 12:35:11.999   927   927 E android.hardware.health@2.1-service-samsung: Could not open /sys/class/power_supply/battery/lrp
07-26 12:35:12.013  3450  4657 E PowerUI.Notification: no saved value, so we do nothing !!
07-26 12:35:12.038   941   960 E mtkpower@impl: [setMode] unknown type
07-26 12:35:12.062  1431  1551 E system_server: Cannot read thread CPU times for PID 1431
07-26 12:35:13.106   941   960 E mtkpower@impl: [setMode] unknown type
07-26 12:35:13.157  1431  1551 E system_server: Cannot read thread CPU times for PID 1431
07-26 12:35:13.258  6198 26478 E DatabaseUtils: Writing exception to parcel
07-26 12:35:13.258  6198 26478 E DatabaseUtils: java.lang.SecurityException: Permission Denial: writing com.sec.android.provider.badge.BadgeProvider uri content://com.sec.badge/apps?notify=true from pid=26365, uid=10337 requires com.sec.android.provider.badge.permission.WRITE, or grantUriPermission()
07-26 12:35:13.258  6198 26478 E DatabaseUtils: 	at android.content.ContentProvider.enforceWritePermissionInner(ContentProvider.java:1019)
07-26 12:35:13.258  6198 26478 E DatabaseUtils: 	at android.content.ContentProvider.semEnforceWritePermission(ContentProvider.java:945)
07-26 12:35:13.258  6198 26478 E DatabaseUtils: 	at android.content.ContentProvider$Transport.enforceWritePermission(ContentProvider.java:726)
07-26 12:35:13.258  6198 26478 E DatabaseUtils: 	at android.content.ContentProvider$Transport.update(ContentProvider.java:458)
07-26 12:35:13.258  6198 26478 E DatabaseUtils: 	at android.content.ContentProviderNative.onTransact(ContentProviderNative.java:231)
07-26 12:35:13.258  6198 26478 E DatabaseUtils: 	at android.os.Binder.execTransactInternal(Binder.java:1215)
07-26 12:35:13.258  6198 26478 E DatabaseUtils: 	at android.os.Binder.execTransact(Binder.java:1179)
07-26 12:35:13.275  6198 26478 E DatabaseUtils: Writing exception to parcel
07-26 12:35:13.275  6198 26478 E DatabaseUtils: java.lang.SecurityException: Permission Denial: writing com.sec.android.provider.badge.BadgeProvider uri content://com.sec.badge/apps?notify=true from pid=26365, uid=10337 requires com.sec.android.provider.badge.permission.WRITE, or grantUriPermission()
07-26 12:35:13.275  6198 26478 E DatabaseUtils: 	at android.content.ContentProvider.enforceWritePermissionInner(ContentProvider.java:1019)
07-26 12:35:13.275  6198 26478 E DatabaseUtils: 	at android.content.ContentProvider.semEnforceWritePermission(ContentProvider.java:945)
07-26 12:35:13.275  6198 26478 E DatabaseUtils: 	at android.content.ContentProvider$Transport.enforceWritePermission(ContentProvider.java:726)
07-26 12:35:13.275  6198 26478 E DatabaseUtils: 	at android.content.ContentProvider$Transport.update(ContentProvider.java:458)
07-26 12:35:13.275  6198 26478 E DatabaseUtils: 	at android.content.ContentProviderNative.onTransact(ContentProviderNative.java:231)
07-26 12:35:13.275  6198 26478 E DatabaseUtils: 	at android.os.Binder.execTransactInternal(Binder.java:1215)
07-26 12:35:13.275  6198 26478 E DatabaseUtils: 	at android.os.Binder.execTransact(Binder.java:1179)
07-26 12:35:13.290  6198 26478 E DatabaseUtils: Writing exception to parcel
07-26 12:35:13.290  6198 26478 E DatabaseUtils: java.lang.SecurityException: Permission Denial: writing com.sec.android.provider.badge.BadgeProvider uri content://com.sec.badge/apps?notify=true from pid=26365, uid=10337 requires com.sec.android.provider.badge.permission.WRITE, or grantUriPermission()
07-26 12:35:13.290  6198 26478 E DatabaseUtils: 	at android.content.ContentProvider.enforceWritePermissionInner(ContentProvider.java:1019)
07-26 12:35:13.290  6198 26478 E DatabaseUtils: 	at android.content.ContentProvider.semEnforceWritePermission(ContentProvider.java:945)
07-26 12:35:13.290  6198 26478 E DatabaseUtils: 	at android.content.ContentProvider$Transport.enforceWritePermission(ContentProvider.java:726)
07-26 12:35:13.290  6198 26478 E DatabaseUtils: 	at android.content.ContentProvider$Transport.update(ContentProvider.java:458)
07-26 12:35:13.290  6198 26478 E DatabaseUtils: 	at android.content.ContentProviderNative.onTransact(ContentProviderNative.java:231)
07-26 12:35:13.290  6198 26478 E DatabaseUtils: 	at android.os.Binder.execTransactInternal(Binder.java:1215)
07-26 12:35:13.290  6198 26478 E DatabaseUtils: 	at android.os.Binder.execTransact(Binder.java:1179)
07-26 12:35:13.590  6198  6221 E DatabaseUtils: Writing exception to parcel
07-26 12:35:13.590  6198  6221 E DatabaseUtils: java.lang.SecurityException: Permission Denial: writing com.sec.android.provider.badge.BadgeProvider uri content://com.sec.badge/apps?notify=true from pid=26365, uid=10337 requires com.sec.android.provider.badge.permission.WRITE, or grantUriPermission()
07-26 12:35:13.590  6198  6221 E DatabaseUtils: 	at android.content.ContentProvider.enforceWritePermissionInner(ContentProvider.java:1019)
07-26 12:35:13.590  6198  6221 E DatabaseUtils: 	at android.content.ContentProvider.semEnforceWritePermission(ContentProvider.java:945)
07-26 12:35:13.590  6198  6221 E DatabaseUtils: 	at android.content.ContentProvider$Transport.enforceWritePermission(ContentProvider.java:726)
07-26 12:35:13.590  6198  6221 E DatabaseUtils: 	at android.content.ContentProvider$Transport.update(ContentProvider.java:458)
07-26 12:35:13.590  6198  6221 E DatabaseUtils: 	at android.content.ContentProviderNative.onTransact(ContentProviderNative.java:231)
07-26 12:35:13.590  6198  6221 E DatabaseUtils: 	at android.os.Binder.execTransactInternal(Binder.java:1215)
07-26 12:35:13.590  6198  6221 E DatabaseUtils: 	at android.os.Binder.execTransact(Binder.java:1179)
07-26 12:35:13.720  6198 26478 E DatabaseUtils: Writing exception to parcel
07-26 12:35:13.720  6198 26478 E DatabaseUtils: java.lang.SecurityException: Permission Denial: writing com.sec.android.provider.badge.BadgeProvider uri content://com.sec.badge/apps?notify=true from pid=26365, uid=10337 requires com.sec.android.provider.badge.permission.WRITE, or grantUriPermission()
07-26 12:35:13.720  6198 26478 E DatabaseUtils: 	at android.content.ContentProvider.enforceWritePermissionInner(ContentProvider.java:1019)
07-26 12:35:13.720  6198 26478 E DatabaseUtils: 	at android.content.ContentProvider.semEnforceWritePermission(ContentProvider.java:945)
07-26 12:35:13.720  6198 26478 E DatabaseUtils: 	at android.content.ContentProvider$Transport.enforceWritePermission(ContentProvider.java:726)
07-26 12:35:13.720  6198 26478 E DatabaseUtils: 	at android.content.ContentProvider$Transport.update(ContentProvider.java:458)
07-26 12:35:13.720  6198 26478 E DatabaseUtils: 	at android.content.ContentProviderNative.onTransact(ContentProviderNative.java:231)
07-26 12:35:13.720  6198 26478 E DatabaseUtils: 	at android.os.Binder.execTransactInternal(Binder.java:1215)
07-26 12:35:13.720  6198 26478 E DatabaseUtils: 	at android.os.Binder.execTransact(Binder.java:1179)
07-26 12:35:13.862  6198  6221 E DatabaseUtils: Writing exception to parcel
07-26 12:35:13.862  6198  6221 E DatabaseUtils: java.lang.SecurityException: Permission Denial: writing com.sec.android.provider.badge.BadgeProvider uri content://com.sec.badge/apps?notify=true from pid=26365, uid=10337 requires com.sec.android.provider.badge.permission.WRITE, or grantUriPermission()
07-26 12:35:13.862  6198  6221 E DatabaseUtils: 	at android.content.ContentProvider.enforceWritePermissionInner(ContentProvider.java:1019)
07-26 12:35:13.862  6198  6221 E DatabaseUtils: 	at android.content.ContentProvider.semEnforceWritePermission(ContentProvider.java:945)
07-26 12:35:13.862  6198  6221 E DatabaseUtils: 	at android.content.ContentProvider$Transport.enforceWritePermission(ContentProvider.java:726)
07-26 12:35:13.862  6198  6221 E DatabaseUtils: 	at android.content.ContentProvider$Transport.update(ContentProvider.java:458)
07-26 12:35:13.862  6198  6221 E DatabaseUtils: 	at android.content.ContentProviderNative.onTransact(ContentProviderNative.java:231)
07-26 12:35:13.862  6198  6221 E DatabaseUtils: 	at android.os.Binder.execTransactInternal(Binder.java:1215)
07-26 12:35:13.862  6198  6221 E DatabaseUtils: 	at android.os.Binder.execTransact(Binder.java:1179)
07-26 12:35:13.917  3827  4464 E DatabaseUtils: Writing exception to parcel
07-26 12:35:13.917  3827  4464 E DatabaseUtils: java.lang.SecurityException: No permission to access APN settings
07-26 12:35:13.917  3827  4464 E DatabaseUtils: 	at com.android.providers.telephony.TelephonyProvider.checkPermission(TelephonyProvider.java:7137)
07-26 12:35:13.917  3827  4464 E DatabaseUtils: 	at com.android.providers.telephony.TelephonyProvider.checkPermissionCompat(TelephonyProvider.java:7154)
07-26 12:35:13.917  3827  4464 E DatabaseUtils: 	at com.android.providers.telephony.TelephonyProvider.query(TelephonyProvider.java:5353)
07-26 12:35:13.917  3827  4464 E DatabaseUtils: 	at android.content.ContentProvider.query(ContentProvider.java:1520)
07-26 12:35:13.917  3827  4464 E DatabaseUtils: 	at android.content.ContentProvider.query(ContentProvider.java:1616)
07-26 12:35:13.917  3827  4464 E DatabaseUtils: 	at android.content.ContentProvider$Transport.query(ContentProvider.java:286)
07-26 12:35:13.917  3827  4464 E DatabaseUtils: 	at android.content.ContentProviderNative.onTransact(ContentProviderNative.java:107)
07-26 12:35:13.917  3827  4464 E DatabaseUtils: 	at android.os.Binder.execTransactInternal(Binder.java:1215)
07-26 12:35:13.917  3827  4464 E DatabaseUtils: 	at android.os.Binder.execTransact(Binder.java:1179)
07-26 12:35:13.936  9631  9668 E RequestContextBuilder: Could not get APN after (but including) LollipopMr1: 
07-26 12:35:13.936  9631  9668 E RequestContextBuilder: java.lang.SecurityException: No permission to access APN settings
07-26 12:35:13.936  9631  9668 E RequestContextBuilder: 	at android.os.Parcel.createExceptionOrNull(Parcel.java:2438)
07-26 12:35:13.936  9631  9668 E RequestContextBuilder: 	at android.os.Parcel.createException(Parcel.java:2422)
07-26 12:35:13.936  9631  9668 E RequestContextBuilder: 	at android.os.Parcel.readException(Parcel.java:2405)
07-26 12:35:13.936  9631  9668 E RequestContextBuilder: 	at android.database.DatabaseUtils.readExceptionFromParcel(DatabaseUtils.java:190)
07-26 12:35:13.936  9631  9668 E RequestContextBuilder: 	at android.database.DatabaseUtils.readExceptionFromParcel(DatabaseUtils.java:142)
07-26 12:35:13.936  9631  9668 E RequestContextBuilder: 	at android.content.ContentProviderProxy.query(ContentProviderNative.java:481)
07-26 12:35:13.936  9631  9668 E RequestContextBuilder: 	at android.content.ContentResolver.query(ContentResolver.java:1226)
07-26 12:35:13.936  9631  9668 E RequestContextBuilder: 	at android.content.ContentResolver.query(ContentResolver.java:1158)
07-26 12:35:13.936  9631  9668 E RequestContextBuilder: 	at android.content.ContentResolver.query(ContentResolver.java:1114)
07-26 12:35:13.936  9631  9668 E RequestContextBuilder: 	at bcmn.b(PG:113)
07-26 12:35:13.936  9631  9668 E RequestContextBuilder: 	at bcmn.a(PG:146)
07-26 12:35:13.936  9631  9668 E RequestContextBuilder: 	at bcik.a(PG:555)
07-26 12:35:13.936  9631  9668 E RequestContextBuilder: 	at bcii.s(PG:52)
07-26 12:35:13.936  9631  9668 E RequestContextBuilder: 	at bcii.n(PG:329)
07-26 12:35:13.936  9631  9668 E RequestContextBuilder: 	at pkc.call(PG:434)
07-26 12:35:13.936  9631  9668 E RequestContextBuilder: 	at berv.a(PG:3)
07-26 12:35:13.936  9631  9668 E RequestContextBuilder: 	at bera.run(PG:19)
07-26 12:35:13.936  9631  9668 E RequestContextBuilder: 	at berw.run(PG:5)
07-26 12:35:13.936  9631  9668 E RequestContextBuilder: 	at java.util.concurrent.ThreadPoolExecutor.runWorker(ThreadPoolExecutor.java:1137)
07-26 12:35:13.936  9631  9668 E RequestContextBuilder: 	at java.util.concurrent.ThreadPoolExecutor$Worker.run(ThreadPoolExecutor.java:637)
07-26 12:35:13.936  9631  9668 E RequestContextBuilder: 	at oug.run(PG:320)
07-26 12:35:13.936  9631  9668 E RequestContextBuilder: 	at java.lang.Thread.run(Thread.java:1012)
07-26 12:35:14.228   556 13323 E keystore2: keystore2::error: Rc(ResponseCode(7)), "In get_key_entry, while trying to load key info. 10224, Some(\"FingerprintKey\")"
07-26 12:35:22.051   927   927 E android.hardware.health@2.1-service-samsung: Could not open /sys/class/power_supply/battery/lrp
07-26 12:35:22.064  3450  4610 E PowerUI.Notification: no saved value, so we do nothing !!
07-26 12:35:22.089   941   960 E mtkpower@impl: [setMode] unknown type
07-26 12:35:22.108  1431  1551 E system_server: Cannot read thread CPU times for PID 1431
07-26 12:35:22.281  1431  1551 E system_server: Cannot read thread CPU times for PID 1431
07-26 12:35:22.286   941   960 E mtkpower@impl: [setMode] unknown type
07-26 12:35:27.553   741   741 E audit   : type=1400 audit(1753513527.551:487270): avc:  denied  { write } for  pid=19141 comm="ThreadPoolForeg" name="traced_producer" dev="tmpfs" ino=13273 scontext=u:r:gmscore_app:s0:c512,c768 tcontext=u:object_r:traced_producer_socket:s0 tclass=sock_file permissive=0 SEPF_SM-A315F_12_0001 audit_filtered
07-26 12:35:27.554   741   741 E audit   : type=1300 audit(1753513527.551:487270): arch=c00000b7 syscall=203 success=no exit=-13 a0=e5 a1=b400007781a65fe0 a2=1e a3=ffffffff97887a9e items=0 ppid=907 pid=19141 auid=4294967295 uid=10219 gid=10219 euid=10219 suid=10219 fsuid=10219 egid=10219 sgid=10219 fsgid=10219 tty=(none) ses=4294967295 comm="ThreadPoolForeg" exe="/system/bin/app_process64" subj=u:r:gmscore_app:s0:c512,c768 key=(null)
07-26 12:35:27.554   741   741 E audit   : type=1327 audit(1753513527.551:487270): proctitle="com.google.android.gms"
07-26 12:35:28.375   741   741 E audit   : type=1400 audit(1753513528.371:487271): avc:  denied  { write } for  pid=16392 comm="ThreadPoolForeg" name="traced_producer" dev="tmpfs" ino=13273 scontext=u:r:gmscore_app:s0:c512,c768 tcontext=u:object_r:traced_producer_socket:s0 tclass=sock_file permissive=0 SEPF_SM-A315F_12_0001 audit_filtered
