07-26 12:35:29.529 26696 26965 E msys    : E[N mns]_OnDiskCacheGetData(542)=>Start post callback cache refresh DNS resolution
07-26 12:35:29.539 26696 26965 E MvfstCallbacks.cpp: onConnectionSetupError: error=TransportError: Internal Error, Error on socket write Operation not permitted, 
07-26 12:35:29.558 26696 26965 E MvfstCallbacks.cpp: onConnectionSetupError: error=TransportError: Internal Error, Error on socket write Operation not permitted, 
07-26 12:35:29.560 26696 26965 E msys    : E[N mns]_LogError(204)=>Failed to resolve using system DNS resolver, getaddrinfo(): No address associated with hostname
07-26 12:35:29.560 26696 26965 E msys    : E[N mns]_OnDiskCacheGetData(542)=>Start post callback cache refresh DNS resolution
07-26 12:35:29.570 26696 26965 E msys    : E[N mns]_LogError(204)=>Failed to resolve using system DNS resolver, getaddrinfo(): No address associated with hostname
07-26 12:35:30.526  1431  1535 E Watchdog: !@Sync: 28317 heap: 135 / 142 [2025-07-26 12:35:30.525] sdogWay: softdog FD: 1180
07-26 12:35:32.102   927   927 E android.hardware.health@2.1-service-samsung: Could not open /sys/class/power_supply/battery/lrp
07-26 12:35:32.119  3450  2980 E PowerUI.Notification: no saved value, so we do nothing !!
07-26 12:35:32.146   941   960 E mtkpower@impl: [setMode] unknown type
07-26 12:35:32.195  1431  1551 E system_server: Cannot read thread CPU times for PID 1431
07-26 12:35:32.338  1431  1551 E system_server: Cannot read thread CPU times for PID 1431
07-26 12:35:32.342   941   960 E mtkpower@impl: [setMode] unknown type
07-26 12:35:42.150   927   927 E android.hardware.health@2.1-service-samsung: Could not open /sys/class/power_supply/battery/lrp
07-26 12:35:42.166  3450  4774 E PowerUI.Notification: no saved value, so we do nothing !!
07-26 12:35:42.197   941   960 E mtkpower@impl: [setMode] unknown type
07-26 12:35:42.246  1431  1551 E system_server: Cannot read thread CPU times for PID 1431
07-26 12:35:42.383  1431  1551 E system_server: Cannot read thread CPU times for PID 1431
07-26 12:35:42.388   941   960 E mtkpower@impl: [setMode] unknown type
07-26 12:35:52.201   927   927 E android.hardware.health@2.1-service-samsung: Could not open /sys/class/power_supply/battery/lrp
07-26 12:35:52.221  3450 24544 E PowerUI.Notification: no saved value, so we do nothing !!
07-26 12:35:52.244   941   960 E mtkpower@impl: [setMode] unknown type
07-26 12:35:52.299  1431  1551 E system_server: Cannot read thread CPU times for PID 1431
07-26 12:35:53.353   941   960 E mtkpower@impl: [setMode] unknown type
07-26 12:35:53.403  1431  1551 E system_server: Cannot read thread CPU times for PID 1431
07-26 12:35:53.669  1431  1551 E system_server: Cannot read thread CPU times for PID 1431
07-26 12:35:53.678   941   960 E mtkpower@impl: [setMode] unknown type
07-26 12:35:53.879  1431  1551 E system_server: Cannot read thread CPU times for PID 1431
07-26 12:35:53.884   941   960 E mtkpower@impl: [setMode] unknown type
07-26 12:35:54.245 26696 26805 E msys    : E[N mns]_OnDiskCacheGetData(542)=>Start post callback cache refresh DNS resolution
07-26 12:35:54.254 26696 26805 E MvfstCallbacks.cpp: onConnectionSetupError: error=TransportError: Internal Error, Error on socket write Operation not permitted, 
07-26 12:35:54.263 26696 26805 E MvfstCallbacks.cpp: onConnectionSetupError: error=TransportError: Internal Error, Error on socket write Operation not permitted, 
07-26 12:35:54.264 26696 26805 E msys    : E[N mns]_LogError(204)=>Failed to resolve using system DNS resolver, getaddrinfo(): No address associated with hostname
07-26 12:35:54.264 26696 26805 E msys    : E[N mns]_OnDiskCacheGetData(542)=>Start post callback cache refresh DNS resolution
07-26 12:35:54.274 26696 26805 E msys    : E[N mns]_LogError(204)=>Failed to resolve using system DNS resolver, getaddrinfo(): No address associated with hostname
07-26 12:35:55.481 26696  5514 E IGScreenTimeApi: GraphQl error
07-26 12:35:57.596   741   741 E audit   : type=1400 audit(1753513557.591:487272): avc:  denied  { write } for  pid=19141 comm="ThreadPoolForeg" name="traced_producer" dev="tmpfs" ino=13273 scontext=u:r:gmscore_app:s0:c512,c768 tcontext=u:object_r:traced_producer_socket:s0 tclass=sock_file permissive=0 SEPF_SM-A315F_12_0001 audit_filtered
07-26 12:35:57.596   741   741 E audit   : type=1300 audit(1753513557.591:487272): arch=c00000b7 syscall=203 success=no exit=-13 a0=e5 a1=b400007781a8d9a0 a2=1e a3=ffffffff97887a9e items=0 ppid=907 pid=19141 auid=4294967295 uid=10219 gid=10219 euid=10219 suid=10219 fsuid=10219 egid=10219 sgid=10219 fsgid=10219 tty=(none) ses=4294967295 comm="ThreadPoolForeg" exe="/system/bin/app_process64" subj=u:r:gmscore_app:s0:c512,c768 key=(null)
07-26 12:35:57.596   741   741 E audit   : type=1327 audit(1753513557.591:487272): proctitle="com.google.android.gms"
07-26 12:35:58.407   741   741 E audit   : type=1400 audit(1753513558.403:487273): avc:  denied  { write } for  pid=16392 comm="ThreadPoolForeg" name="traced_producer" dev="tmpfs" ino=13273 scontext=u:r:gmscore_app:s0:c512,c768 tcontext=u:object_r:traced_producer_socket:s0 tclass=sock_file permissive=0 SEPF_SM-A315F_12_0001 audit_filtered
07-26 12:36:00.548  1431  1535 E Watchdog: !@Sync: 28318 heap: 141 / 142 [2025-07-26 12:36:00.547] sdogWay: softdog FD: 1180
07-26 12:36:00.780 26696 26965 E msys    : E[N mns]_OnDiskCacheGetData(542)=>Start post callback cache refresh DNS resolution
07-26 12:36:00.790 26696 26965 E MvfstCallbacks.cpp: onConnectionSetupError: error=TransportError: Internal Error, Error on socket write Operation not permitted, 
07-26 12:36:00.809 26696 26965 E MvfstCallbacks.cpp: onConnectionSetupError: error=TransportError: Internal Error, Error on socket write Operation not permitted, 
07-26 12:36:00.810 26696 26965 E msys    : E[N mns]_LogError(204)=>Failed to resolve using system DNS resolver, getaddrinfo(): No address associated with hostname
07-26 12:36:00.810 26696 26965 E msys    : E[N mns]_OnDiskCacheGetData(542)=>Start post callback cache refresh DNS resolution
07-26 12:36:00.820 26696 26965 E msys    : E[N mns]_LogError(204)=>Failed to resolve using system DNS resolver, getaddrinfo(): No address associated with hostname
07-26 12:36:02.252   927   927 E android.hardware.health@2.1-service-samsung: Could not open /sys/class/power_supply/battery/lrp
07-26 12:36:02.269  3450  4498 E PowerUI.Notification: no saved value, so we do nothing !!
07-26 12:36:02.294   941   960 E mtkpower@impl: [setMode] unknown type
07-26 12:36:02.340  1431  1551 E system_server: Cannot read thread CPU times for PID 1431
07-26 12:36:02.481  1431  1551 E system_server: Cannot read thread CPU times for PID 1431
07-26 12:36:02.485   941   960 E mtkpower@impl: [setMode] unknown type
07-26 12:36:03.407  6642  6981 E EPDG -- [IPSECADAPTER_ERIS]: checkConnection cid (3 ) - timeout : 5
07-26 12:36:03.571   926  1015 E hwcomposer: [HWCDisplay] (0) job is null(3)  
07-26 12:36:12.306   927   927 E android.hardware.health@2.1-service-samsung: Could not open /sys/class/power_supply/battery/lrp
07-26 12:36:12.319  3450 17768 E PowerUI.Notification: no saved value, so we do nothing !!
07-26 12:36:12.348   941   960 E mtkpower@impl: [setMode] unknown type
07-26 12:36:12.409  1431  1551 E system_server: Cannot read thread CPU times for PID 1431
07-26 12:36:12.624  1431  1551 E system_server: Cannot read thread CPU times for PID 1431
07-26 12:36:12.635   941   960 E mtkpower@impl: [setMode] unknown type
07-26 12:36:22.358   927   927 E android.hardware.health@2.1-service-samsung: Could not open /sys/class/power_supply/battery/lrp
07-26 12:36:22.372  3450  4162 E PowerUI.Notification: no saved value, so we do nothing !!
07-26 12:36:22.397   941   960 E mtkpower@impl: [setMode] unknown type
07-26 12:36:22.446  1431  1551 E system_server: Cannot read thread CPU times for PID 1431
07-26 12:36:22.660  1431  1551 E system_server: Cannot read thread CPU times for PID 1431
07-26 12:36:22.674   941   960 E mtkpower@impl: [setMode] unknown type
07-26 12:36:27.639   741   741 E audit   : type=1400 audit(1753513587.635:487274): avc:  denied  { write } for  pid=19141 comm="ThreadPoolForeg" name="traced_producer" dev="tmpfs" ino=13273 scontext=u:r:gmscore_app:s0:c512,c768 tcontext=u:object_r:traced_producer_socket:s0 tclass=sock_file permissive=0 SEPF_SM-A315F_12_0001 audit_filtered
07-26 12:36:27.639   741   741 E audit   : type=1300 audit(1753513587.635:487274): arch=c00000b7 syscall=203 success=no exit=-13 a0=e5 a1=b400007781a469a0 a2=1e a3=ffffffff97887a9e items=0 ppid=907 pid=19141 auid=4294967295 uid=10219 gid=10219 euid=10219 suid=10219 fsuid=10219 egid=10219 sgid=10219 fsgid=10219 tty=(none) ses=4294967295 comm="ThreadPoolForeg" exe="/system/bin/app_process64" subj=u:r:gmscore_app:s0:c512,c768 key=(null)
07-26 12:36:27.639   741   741 E audit   : type=1327 audit(1753513587.635:487274): proctitle="com.google.android.gms"
07-26 12:36:28.433   741   741 E audit   : type=1400 audit(1753513588.431:487275): avc:  denied  { write } for  pid=16392 comm="ThreadPoolForeg" name="traced_producer" dev="tmpfs" ino=13273 scontext=u:r:gmscore_app:s0:c512,c768 tcontext=u:object_r:traced_producer_socket:s0 tclass=sock_file permissive=0 SEPF_SM-A315F_12_0001 audit_filtered
07-26 12:36:30.568  1431  1535 E Watchdog: !@Sync: 28319 heap: 120 / 140 [2025-07-26 12:36:30.566] sdogWay: softdog FD: 1176
07-26 12:36:32.068 26696 26965 E msys    : E[N mns]_OnDiskCacheGetData(542)=>Start post callback cache refresh DNS resolution
07-26 12:36:32.077 26696 26965 E MvfstCallbacks.cpp: onConnectionSetupError: error=TransportError: Internal Error, Error on socket write Operation not permitted, 
07-26 12:36:32.096 26696 26965 E MvfstCallbacks.cpp: onConnectionSetupError: error=TransportError: Internal Error, Error on socket write Operation not permitted, 
07-26 12:36:32.097 26696 26965 E msys    : E[N mns]_LogError(204)=>Failed to resolve using system DNS resolver, getaddrinfo(): No address associated with hostname
07-26 12:36:32.097 26696 26965 E msys    : E[N mns]_OnDiskCacheGetData(542)=>Start post callback cache refresh DNS resolution
07-26 12:36:32.107 26696 26965 E msys    : E[N mns]_LogError(204)=>Failed to resolve using system DNS resolver, getaddrinfo(): No address associated with hostname
07-26 12:36:32.413   927   927 E android.hardware.health@2.1-service-samsung: Could not open /sys/class/power_supply/battery/lrp
07-26 12:36:32.427  3450  4657 E PowerUI.Notification: no saved value, so we do nothing !!
07-26 12:36:32.463   941   960 E mtkpower@impl: [setMode] unknown type
07-26 12:36:32.520  1431  1551 E system_server: Cannot read thread CPU times for PID 1431
07-26 12:36:33.580   941   960 E mtkpower@impl: [setMode] unknown type
07-26 12:36:33.626  1431  1551 E system_server: Cannot read thread CPU times for PID 1431
07-26 12:36:42.461   927   927 E android.hardware.health@2.1-service-samsung: Could not open /sys/class/power_supply/battery/lrp
07-26 12:36:42.479  3450  4610 E PowerUI.Notification: no saved value, so we do nothing !!
07-26 12:36:42.510   941   960 E mtkpower@impl: [setMode] unknown type
07-26 12:36:42.547  1431  1551 E system_server: Cannot read thread CPU times for PID 1431
07-26 12:36:42.761  1431  1551 E system_server: Cannot read thread CPU times for PID 1431
07-26 12:36:42.767   941   960 E mtkpower@impl: [setMode] unknown type
07-26 12:36:52.517   927   927 E android.hardware.health@2.1-service-samsung: Could not open /sys/class/power_supply/battery/lrp
07-26 12:36:52.534  3450  2980 E PowerUI.Notification: no saved value, so we do nothing !!
07-26 12:36:52.561   941   960 E mtkpower@impl: [setMode] unknown type
07-26 12:36:52.604  1431  1551 E system_server: Cannot read thread CPU times for PID 1431
07-26 12:36:52.753  1431  1551 E system_server: Cannot read thread CPU times for PID 1431
07-26 12:36:52.757   941   960 E mtkpower@impl: [setMode] unknown type
07-26 12:36:53.692   941   960 E mtkpower@impl: [setMode] unknown type
07-26 12:36:53.743  1431  1551 E system_server: Cannot read thread CPU times for PID 1431
07-26 12:36:53.806 26557 26557 E t_app_installe: Not starting debugger since process cannot load the jdwp agent.
07-26 12:36:53.811 26557 26557 E USNET   : USNET: appName: com.android.vending:instant_app_installer
07-26 12:36:53.889  1431  1551 E system_server: Cannot read thread CPU times for PID 1431
07-26 12:36:53.894   941   960 E mtkpower@impl: [setMode] unknown type
07-26 12:36:54.392  1173  4807 E mediaserver: unlinkToDeath: removed reference to death recipient but unlink failed.
07-26 12:36:54.392  1173  4807 E IPCThreadState: attemptIncStrongHandle(19): Not supported
07-26 12:36:57.646   741   741 E audit   : type=1400 audit(1753513617.643:487276): avc:  denied  { write } for  pid=19141 comm="ThreadPoolForeg" name="traced_producer" dev="tmpfs" ino=13273 scontext=u:r:gmscore_app:s0:c512,c768 tcontext=u:object_r:traced_producer_socket:s0 tclass=sock_file permissive=0 SEPF_SM-A315F_12_0001 audit_filtered
07-26 12:36:57.646   741   741 E audit   : type=1300 audit(1753513617.643:487276): arch=c00000b7 syscall=203 success=no exit=-13 a0=e5 a1=b400007781aae0c0 a2=1e a3=ffffffff97887a9e items=0 ppid=907 pid=19141 auid=4294967295 uid=10219 gid=10219 euid=10219 suid=10219 fsuid=10219 egid=10219 sgid=10219 fsgid=10219 tty=(none) ses=4294967295 comm="ThreadPoolForeg" exe="/system/bin/app_process64" subj=u:r:gmscore_app:s0:c512,c768 key=(null)
07-26 12:36:57.646   741   741 E audit   : type=1327 audit(1753513617.643:487276): proctitle="com.google.android.gms"
07-26 12:36:58.466   741   741 E audit   : type=1400 audit(1753513618.463:487277): avc:  denied  { write } for  pid=16392 comm="ThreadPoolForeg" name="traced_producer" dev="tmpfs" ino=13273 scontext=u:r:gmscore_app:s0:c512,c768 tcontext=u:object_r:traced_producer_socket:s0 tclass=sock_file permissive=0 SEPF_SM-A315F_12_0001 audit_filtered
07-26 12:37:00.593  1431  1535 E Watchdog: !@Sync: 28320 heap: 126 / 140 objects: 2342953 WaitTime: 0.000 GCcnt: 0 FD: 1174 [2025-07-26 12:37:00.592] sdogWay:softdog
07-26 12:37:02.568   927   927 E android.hardware.health@2.1-service-samsung: Could not open /sys/class/power_supply/battery/lrp
07-26 12:37:02.588  3450  4774 E PowerUI.Notification: no saved value, so we do nothing !!
07-26 12:37:02.613   941   960 E mtkpower@impl: [setMode] unknown type
07-26 12:37:02.659  1431  1551 E system_server: Cannot read thread CPU times for PID 1431
07-26 12:37:02.871  1431  1551 E system_server: Cannot read thread CPU times for PID 1431
07-26 12:37:02.876   941   960 E mtkpower@impl: [setMode] unknown type
07-26 12:37:03.341 26696 26965 E msys    : E[N mns]_OnDiskCacheGetData(542)=>Start post callback cache refresh DNS resolution
07-26 12:37:03.351 26696 26965 E MvfstCallbacks.cpp: onConnectionSetupError: error=TransportError: Internal Error, Error on socket write Operation not permitted, 
07-26 12:37:03.361 26696 26965 E MvfstCallbacks.cpp: onConnectionSetupError: error=TransportError: Internal Error, Error on socket write Operation not permitted, 
07-26 12:37:03.362 26696 26965 E msys    : E[N mns]_LogError(204)=>Failed to resolve using system DNS resolver, getaddrinfo(): No address associated with hostname
07-26 12:37:03.362 26696 26965 E msys    : E[N mns]_OnDiskCacheGetData(542)=>Start post callback cache refresh DNS resolution
07-26 12:37:03.373 26696 26965 E msys    : E[N mns]_LogError(204)=>Failed to resolve using system DNS resolver, getaddrinfo(): No address associated with hostname
07-26 12:37:12.623   927   927 E android.hardware.health@2.1-service-samsung: Could not open /sys/class/power_supply/battery/lrp
07-26 12:37:12.638  3450 24544 E PowerUI.Notification: no saved value, so we do nothing !!
07-26 12:37:12.670   941   960 E mtkpower@impl: [setMode] unknown type
07-26 12:37:12.696  1431  1551 E system_server: Cannot read thread CPU times for PID 1431
07-26 12:37:12.697  1431  1551 E system_server: Cannot read thread CPU times for PID 1431
07-26 12:37:13.725   941   960 E mtkpower@impl: [setMode] unknown type
07-26 12:37:13.739  1431  1551 E system_server: Cannot read thread CPU times for PID 1431
07-26 12:37:19.585 14925 26613 E FirebaseMessaging: Default FirebaseApp has not been initialized. Skip logging event to GA.
07-26 12:37:20.187   926  1015 E hwcomposer: [HWCDisplay] (0) job is null(3)  
07-26 12:37:20.287   926  1015 E hwcomposer: [HWCDisplay] (0) job is null(3)  
07-26 12:37:20.354   926  1015 E hwcomposer: [HWCDisplay] (0) job is null(3)  
07-26 12:37:20.403   926  1015 E hwcomposer: [HWCDisplay] (0) job is null(3)  
07-26 12:37:20.504   926  1015 E hwcomposer: [HWCDisplay] (0) job is null(3)  
07-26 12:37:22.674   927   927 E android.hardware.health@2.1-service-samsung: Could not open /sys/class/power_supply/battery/lrp
07-26 12:37:22.688  3450  4498 E PowerUI.Notification: no saved value, so we do nothing !!
07-26 12:37:22.709   941   960 E mtkpower@impl: [setMode] unknown type
07-26 12:37:22.757  1431  1551 E system_server: Cannot read thread CPU times for PID 1431
07-26 12:37:22.968  1431  1551 E system_server: Cannot read thread CPU times for PID 1431
07-26 12:37:22.981   941   960 E mtkpower@impl: [setMode] unknown type
07-26 12:37:27.654   741   741 E audit   : type=1400 audit(1753513647.651:487278): avc:  denied  { write } for  pid=19141 comm="ThreadPoolForeg" name="traced_producer" dev="tmpfs" ino=13273 scontext=u:r:gmscore_app:s0:c512,c768 tcontext=u:object_r:traced_producer_socket:s0 tclass=sock_file permissive=0 SEPF_SM-A315F_12_0001 audit_filtered
07-26 12:37:27.654   741   741 E audit   : type=1300 audit(1753513647.651:487278): arch=c00000b7 syscall=203 success=no exit=-13 a0=e5 a1=b400007781aae0a0 a2=1e a3=ffffffff97887a9e items=0 ppid=907 pid=19141 auid=4294967295 uid=10219 gid=10219 euid=10219 suid=10219 fsuid=10219 egid=10219 sgid=10219 fsgid=10219 tty=(none) ses=4294967295 comm="ThreadPoolForeg" exe="/system/bin/app_process64" subj=u:r:gmscore_app:s0:c512,c768 key=(null)
07-26 12:37:27.655   741   741 E audit   : type=1327 audit(1753513647.651:487278): proctitle="com.google.android.gms"
07-26 12:37:28.470   741   741 E audit   : type=1400 audit(1753513648.467:487279): avc:  denied  { write } for  pid=16392 comm="ThreadPoolForeg" name="traced_producer" dev="tmpfs" ino=13273 scontext=u:r:gmscore_app:s0:c512,c768 tcontext=u:object_r:traced_producer_socket:s0 tclass=sock_file permissive=0 SEPF_SM-A315F_12_0001 audit_filtered
07-26 12:37:30.589 14925 15007 E ecwm    : (REDACTED) Trace %s timed out after %d ms. Complete trace: %s
07-26 12:37:30.589 14925 15007 E ecwm    : ecxv: 
07-26 12:37:30.589 14925 15007 E ecwm    : 	at tk_trace.TimedProcessReaper#scheduleReap()(Started After:0)
07-26 12:37:30.610  1431  1535 E Watchdog: !@Sync: 28321 heap: 133 / 140 [2025-07-26 12:37:30.608] sdogWay: softdog FD: 1178
07-26 12:37:32.723   927   927 E android.hardware.health@2.1-service-samsung: Could not open /sys/class/power_supply/battery/lrp
07-26 12:37:32.744  3450 17768 E PowerUI.Notification: no saved value, so we do nothing !!
07-26 12:37:32.763   941   960 E mtkpower@impl: [setMode] unknown type
07-26 12:37:32.810  1431  1551 E system_server: Cannot read thread CPU times for PID 1431
07-26 12:37:33.025  1431  1551 E system_server: Cannot read thread CPU times for PID 1431
07-26 12:37:33.029   941   960 E mtkpower@impl: [setMode] unknown type
07-26 12:37:33.198 26696 26805 E msys    : E[N mns]_OnDiskCacheGetData(542)=>Start post callback cache refresh DNS resolution
07-26 12:37:33.208 26696 26805 E MvfstCallbacks.cpp: onConnectionSetupError: error=TransportError: Internal Error, Error on socket write Operation not permitted, 
07-26 12:37:33.220 26696 26805 E MvfstCallbacks.cpp: onConnectionSetupError: error=TransportError: Internal Error, Error on socket write Operation not permitted, 
07-26 12:37:33.221 26696 26805 E msys    : E[N mns]_LogError(204)=>Failed to resolve using system DNS resolver, getaddrinfo(): No address associated with hostname
07-26 12:37:33.221 26696 26805 E msys    : E[N mns]_OnDiskCacheGetData(542)=>Start post callback cache refresh DNS resolution
07-26 12:37:33.231 26696 26805 E msys    : E[N mns]_LogError(204)=>Failed to resolve using system DNS resolver, getaddrinfo(): No address associated with hostname
07-26 12:37:34.595 26696 26965 E msys    : E[N mns]_OnDiskCacheGetData(542)=>Start post callback cache refresh DNS resolution
07-26 12:37:34.607 26696 26965 E MvfstCallbacks.cpp: onConnectionSetupError: error=TransportError: Internal Error, Error on socket write Operation not permitted, 
07-26 12:37:34.626 26696 26965 E MvfstCallbacks.cpp: onConnectionSetupError: error=TransportError: Internal Error, Error on socket write Operation not permitted, 
07-26 12:37:34.627 26696 26965 E msys    : E[N mns]_LogError(204)=>Failed to resolve using system DNS resolver, getaddrinfo(): No address associated with hostname
07-26 12:37:34.627 26696 26965 E msys    : E[N mns]_OnDiskCacheGetData(542)=>Start post callback cache refresh DNS resolution
07-26 12:37:34.636 26696 26965 E msys    : E[N mns]_LogError(204)=>Failed to resolve using system DNS resolver, getaddrinfo(): No address associated with hostname
07-26 12:37:42.767   927   927 E android.hardware.health@2.1-service-samsung: Could not open /sys/class/power_supply/battery/lrp
07-26 12:37:42.784  3450  4162 E PowerUI.Notification: no saved value, so we do nothing !!
07-26 12:37:42.804   941   960 E mtkpower@impl: [setMode] unknown type
07-26 12:37:42.843  1431  1551 E system_server: Cannot read thread CPU times for PID 1431
07-26 12:37:42.997  1431  1551 E system_server: Cannot read thread CPU times for PID 1431
07-26 12:37:43.002   941   960 E mtkpower@impl: [setMode] unknown type
07-26 12:37:48.416   941   960 E mtkpower@impl: [setMode] unknown type
07-26 12:37:48.420   934   934 E HYPER-HAL: [SysfsControlManager.cpp]writeSysfs(): Couldn't Open Sysfs - /sys/devices/system/sec_os_ctrl/migrate_os
07-26 12:37:48.443  1431  1551 E system_server: Cannot read thread CPU times for PID 1431
07-26 12:37:48.472   978  1025 E BufferQueueDebug: [FP Maskview$_26203#0](this:0xb400007d579a3948,id:-1,api:0,p:-1,c:-1) id info cannot be read from 'FP Maskview$_26203#0'
07-26 12:37:48.493   978  1025 E BufferQueueDebug: [SurfaceView - FP Maskview@62c6b55@0(BLAST)#0](this:0xb400007d579a6948,id:-1,api:0,p:-1,c:-1) id info cannot be read from 'SurfaceView - FP Maskview@62c6b55@0(BLAST)#0'
07-26 12:37:48.520 26203 26227 E OpenGLRenderer: Device claims wide gamut support, cannot find matching config, error = EGL_SUCCESS
07-26 12:37:48.538   978  1027 E HWComposer: getSupportedContentTypes: getSupportedContentTypes failed for display 0: Unsupported (8)
07-26 12:37:48.680  1294 26204 E (FPLOG) : 2.0.36.0 DeviceSetClock 1
07-26 12:37:48.801   978  1027 E BufferQueueDebug: [FP VI$_26203#0](this:0xb400007d5f4fa948,id:-1,api:0,p:-1,c:-1) id info cannot be read from 'FP VI$_26203#0'
07-26 12:37:49.691  1431  1551 E system_server: Cannot read thread CPU times for PID 1431
07-26 12:37:49.705  3450  3450 E KeyguardViewMediator: mHideAnimationFinishedRunnable#run
07-26 12:37:49.764   941   960 E mtkpower@impl: [setMode] unknown type
07-26 12:37:49.778  1294 26204 E TLC_BAUTH: Trustlet did not send a valid return code : 21
07-26 12:37:49.778  1294 26204 E bauth_FPBAuthService: adlg 76 failed 21
07-26 12:37:49.779  1431  3343 E Fingerprint21: onAcquired for non-acquisition client: null
07-26 12:37:49.830  1431  3544 E AppOps  : evalMode() Foreground mode : uid - 5021, op - 26, capability - 0
07-26 12:37:49.831   945  1145 E mtkcam-devicemgr: [getDeviceName] deviceId 1  name device@3.6/legacy/1 (getDeviceName){#506:vendor/mediatek/proprietary/hardware/mtkcam3/main/hal/devicemgr/base/CameraDeviceManagerBase_utils.cpp}
07-26 12:37:49.831   945  1145 E mtkcam-devicemgr: [getDeviceName] deviceId 1  name device@3.6/legacy/1 (getDeviceName){#506:vendor/mediatek/proprietary/hardware/mtkcam3/main/hal/devicemgr/base/CameraDeviceManagerBase_utils.cpp}
07-26 12:37:49.832   945  1145 E mtkcam-devicemgr: [getDeviceName] deviceId 1  name device@3.6/legacy/1 (getDeviceName){#506:vendor/mediatek/proprietary/hardware/mtkcam3/main/hal/devicemgr/base/CameraDeviceManagerBase_utils.cpp}
07-26 12:37:49.840  1431  6512 E WindowManager: win=Window{bc64f60 u0 NotificationShade} destroySurfaces: appStopped=true win.mWindowRemovalAllowed=false win.mRemoveOnExit=false win.mViewVisibility=8 caller=com.android.server.wm.WindowManagerService.tryStartExitingAnimation:2951 com.android.server.wm.WindowManagerService.relayoutWindow:2675 com.android.server.wm.Session.relayout:242 android.view.IWindowSession$Stub.onTransact:790 com.android.server.wm.Session.onTransact:176 android.os.Binder.execTransactInternal:1220 android.os.Binder.execTransact:1179 
07-26 12:37:49.849   945 26690 E paramctrl_lifetime: open /proc/driver/thermal/clNR_status failed, disable NR cooler
07-26 12:37:49.849   945 26690 E paramctrl_lifetime:  (Paramctrl){#261:vendor/mediatek/proprietary/hardware/mtkcam/aaa/source/isp_40/isp_tuning/paramctrl/paramctrl_lifetime.cpp}
07-26 12:37:49.853  1161  1736 E Camera2-FrameProcessorBase: FrameProcessorBase: created
07-26 12:37:49.880  1161  1736 E Camera2-FrameProcessorBase: registerListener: Registering listener for frame id range 0 - 2147483647
07-26 12:37:49.880  1431  5949 E CameraService_proxy: Top task with package name: com.samsung.adaptivebrightnessgo not found!
07-26 12:37:49.935   945  1144 E NormalPipe: [query] unsupport cmd(0x4000)
07-26 12:37:49.935   945  1144 E NormalPipe:  (query){#659:vendor/mediatek/proprietary/hardware/mtkcam/drv/src/isp/mt6768/iopipe/CamIO/NormalPipeModule.cpp}
07-26 12:37:49.935   945  1144 E cam_capibitiliy: cam_capibitiliy[GetFormat]ERR(  238):current portID(0x3a) are not supported in query
07-26 12:37:49.935   945  1144 E cam_capi: cam_capi[GetCapibility]ERR(  309):user:NormalPipe query fail(module:0)
07-26 12:37:49.935   945  1144 E NormalPipe: [query] some query op fail
07-26 12:37:49.935   945  1144 E NormalPipe:  (query){#279:vendor/mediatek/proprietary/hardware/mtkcam/drv/src/isp/mt6768/iopipe/CamIO/NormalPipeModule.cpp}
07-26 12:37:49.938   945  1144 E BWC     : MTK_IOC_SMI_BWC_INFO_GET failed.:Inappropriate ioctl for device
07-26 12:37:49.940   945  1144 E BWC     : MTK_IOC_SMI_BWC_INFO_SET failed.:Inappropriate ioctl for device
07-26 12:37:49.942   945  1144 E BWC     : MTK_IOC_MMDVFS_CMD failed.:Inappropriate ioctl for device
07-26 12:37:49.976   945 26718 E cam_capibitiliy: cam_capibitiliy[GetCapibility]ERR(  145):some query cmd(0x20000) is not supported. valid cmd(0x7300327f)
07-26 12:37:49.976   945 26718 E cam_capi: cam_capi[GetCapibility]ERR(  309):user:NormalPipe query fail(module:0)
07-26 12:37:49.976   945 26718 E NormalPipe: [query] some query op fail
07-26 12:37:49.976   945 26718 E NormalPipe:  (query){#279:vendor/mediatek/proprietary/hardware/mtkcam/drv/src/isp/mt6768/iopipe/CamIO/NormalPipeModule.cpp}
07-26 12:37:50.004  1161  1736 E VendorTagDescriptor: lookupTag: Tag name 'requestHint' does not exist.
07-26 12:37:50.018  1431  1838 E AppOps  : evalMode() Foreground mode : uid - 5021, op - 26, capability - 0
07-26 12:37:50.034   945 26767 E af_mgr_v3: WAR-ROI : [X]1063 [Y]739 [W]466 [H]466 -> [X]1063 [Y]739 [W]466 [H]466, [XNUM] 24->0, [YNUM] 24->0 (ConfigHWReg){#6060:vendor/mediatek/proprietary/hardware/mtkcam/aaa/source/isp_40/./af_mgr/af_mgr.cpp}
07-26 12:37:50.036   945 26720 E MtkCam/StreamingPipe/DcesoHal: [init]missing isp buffer info (init){#72:vendor/mediatek/proprietary/hardware/mtkcam3/feature/core/featurePipe/streaming/DcesoHal.cpp}
07-26 12:37:50.037 26203 26203 E BufferQueueProducer: [SurfaceView - FP Maskview@62c6b55@0#1(BLAST Consumer)1](id:665b00000001,api:0,p:-1,c:26203) disconnect: not connected (req=2)
07-26 12:37:50.043  1431  9199 E SensorService: BigData:Pakage) 4 already enabled. 
07-26 12:37:50.068   945  1144 E ae_mgr  : Unsupport AE Metering Mode: 5
07-26 12:37:50.068   945  1144 E ae_mgr  :  (setAEMeteringMode){#1386:vendor/mediatek/proprietary/hardware/mtkcam/aaa/source/isp_40/ae_mgr/ae_mgr.cpp}
07-26 12:37:50.125   978  1025 E BufferQueueDebug: [com.samsung.android.app.cocktailbarservice/com.samsung.android.app.cocktailbarservice.CocktailBarService$_6188#0](this:0xb400007d57963948,id:-1,api:0,p:-1,c:-1) id info cannot be read from 'com.samsung.android.app.cocktailbarservice/com.samsung.android.app.cocktailbarservice.CocktailBarService$_6188#0'
07-26 12:37:50.130   945 26692 E aao_buf_mgr: [updateInfo]  pAEResult is NULL, set mi4EvComp as default value 
07-26 12:37:50.130   945 26692 E aao_buf_mgr:  (updateInfo){#614:vendor/mediatek/proprietary/hardware/mtkcam/aaa/source/isp_40/buf_mgr/AAOBufMgr.cpp}
07-26 12:37:50.130   945 26692 E aao_buf_mgr: [updateInfo] Failed to get FLASHResult for MagicNum(1)
07-26 12:37:50.130   945 26692 E aao_buf_mgr:  (updateInfo){#623:vendor/mediatek/proprietary/hardware/mtkcam/aaa/source/isp_40/buf_mgr/AAOBufMgr.cpp}
07-26 12:37:50.133  1294  3372 E (FPLOG) : 2.0.36.0 DeviceSetClock 0
07-26 12:37:50.171   945 26692 E aao_buf_mgr: [updateInfo]  pAEResult is NULL, set mi4EvComp as default value 
07-26 12:37:50.171   945 26692 E aao_buf_mgr:  (updateInfo){#614:vendor/mediatek/proprietary/hardware/mtkcam/aaa/source/isp_40/buf_mgr/AAOBufMgr.cpp}
07-26 12:37:50.171   945 26692 E aao_buf_mgr: [updateInfo] Failed to get FLASHResult for MagicNum(1)
07-26 12:37:50.171   945 26692 E aao_buf_mgr:  (updateInfo){#623:vendor/mediatek/proprietary/hardware/mtkcam/aaa/source/isp_40/buf_mgr/AAOBufMgr.cpp}
07-26 12:37:50.194  1431  1431 E AlarmManager: Attempt to decrement existing alarm count 0 by 1 for uid 1000
07-26 12:37:50.211   945 26692 E aao_buf_mgr: [updateInfo]  pAEResult is NULL, set mi4EvComp as default value 
07-26 12:37:50.211   945 26692 E aao_buf_mgr:  (updateInfo){#614:vendor/mediatek/proprietary/hardware/mtkcam/aaa/source/isp_40/buf_mgr/AAOBufMgr.cpp}
07-26 12:37:50.211   945 26692 E aao_buf_mgr: [updateInfo] Failed to get FLASHResult for MagicNum(1)
07-26 12:37:50.211   945 26692 E aao_buf_mgr:  (updateInfo){#623:vendor/mediatek/proprietary/hardware/mtkcam/aaa/source/isp_40/buf_mgr/AAOBufMgr.cpp}
07-26 12:37:50.228  3450  3450 E KeyguardUpdateMonitor: handleStartedWakingUp start 4
07-26 12:37:50.232   945  5476 E PQ      : [PQ][PQSessionManager] PQSessionManager::getPQSession m_PQSupport == 0
07-26 12:37:50.235   978  1025 E BufferQueueDebug: [SnapshotStartingWindow for taskId=3505$_3450#0](this:0xb400007d57983948,id:-1,api:0,p:-1,c:-1) id info cannot be read from 'SnapshotStartingWindow for taskId=3505$_3450#0'
07-26 12:37:50.239  6642  6800 E EPDG -- SIM1 [RILRECEIVER]: RX [NET_REGIST] -- RESPONSE -- not initialized
07-26 12:37:50.246  3450  3450 E KeyguardUpdateMonitor: handleStartedWakingUp end
07-26 12:37:50.264 26696 26805 E msys    : E[N mns]_OnDiskCacheGetData(542)=>Start post callback cache refresh DNS resolution
07-26 12:37:50.273   945  5476 E PQ      : [PQ][PQSessionManager] PQSessionManager::getPQSession m_PQSupport == 0
07-26 12:37:50.274 26696 26805 E MvfstCallbacks.cpp: onConnectionSetupError: error=TransportError: Internal Error, Error on socket write Operation not permitted, 
07-26 12:37:50.281 26696 26805 E MvfstCallbacks.cpp: onConnectionSetupError: error=TransportError: Internal Error, Error on socket write Operation not permitted, 
07-26 12:37:50.281 26696 26805 E msys    : E[N mns]_LogError(204)=>Failed to resolve using system DNS resolver, getaddrinfo(): No address associated with hostname
07-26 12:37:50.282 26696 26805 E msys    : E[N mns]_OnDiskCacheGetData(542)=>Start post callback cache refresh DNS resolution
07-26 12:37:50.292 26696 26805 E msys    : E[N mns]_LogError(204)=>Failed to resolve using system DNS resolver, getaddrinfo(): No address associated with hostname
07-26 12:37:50.316   945  5476 E PQ      : [PQ][PQSessionManager] PQSessionManager::getPQSession m_PQSupport == 0
07-26 12:37:50.354   945  5476 E PQ      : [PQ][PQSessionManager] PQSessionManager::getPQSession m_PQSupport == 0
07-26 12:37:50.367  3423  4488 E BtGatt.GattService: [GSIM LOG]: gsimLogHandler, msg: MESSAGE_SCAN_START, appName: com.google.uid.shared, scannerId: 5, reportDelayMillis=0
07-26 12:37:50.392   945  5476 E PQ      : [PQ][PQSessionManager] PQSessionManager::getPQSession m_PQSupport == 0
07-26 12:37:50.414   978  1027 E BufferQueueDebug: [com.linkedin.android/com.linkedin.android.infra.navigation.MainActivity$_23393#0](this:0xb400007d5f554948,id:-1,api:0,p:-1,c:-1) id info cannot be read from 'com.linkedin.android/com.linkedin.android.infra.navigation.MainActivity$_23393#0'
07-26 12:37:50.433   945  5476 E PQ      : [PQ][PQSessionManager] PQSessionManager::getPQSession m_PQSupport == 0
07-26 12:37:50.457   930   985 E SensorsHub: AccSensor : Meta event
07-26 12:37:50.476   945  5476 E PQ      : [PQ][PQSessionManager] PQSessionManager::getPQSession m_PQSupport == 0
07-26 12:37:50.514   945  5476 E PQ      : [PQ][PQSessionManager] PQSessionManager::getPQSession m_PQSupport == 0
07-26 12:37:50.547  1431  6512 E AppOps  : evalMode() Foreground mode : uid - 10360, op - 1, capability - 0
07-26 12:37:50.548  1431  6512 E AppOps  : evalMode() Foreground mode : uid - 10360, op - 0, capability - 0
07-26 12:37:50.552   945  5476 E PQ      : [PQ][PQSessionManager] PQSessionManager::getPQSession m_PQSupport == 0
07-26 12:37:50.550  3450  3450 E AOD_CONFIG@AODConfigurationController: Skipping unregisterMonitor MONITOR_SEMCONTEXT - no registered monitor
07-26 12:37:50.557  3450  3450 E AOD_CONFIG@AODConfigurationController: Skipping unregisterMonitor MONITOR_BROADCAST_PSM - no registered monitor
07-26 12:37:50.558  3450  3450 E AOD_CONFIG@AODConfigurationController: Skipping unregisterMonitor MONITOR_BROADCAST_WALLPAPER - no registered monitor
07-26 12:37:50.558  3450  3450 E AOD_CONFIG@AODConfigurationController: Skipping unregisterMonitor MONITOR_FOLD_STATE - no registered monitor
07-26 12:37:50.558  3450  3450 E AOD_CONFIG@AODConfigurationController: Skipping unregisterMonitor MONITOR_BROADCAST_ROAMING - no registered monitor
07-26 12:37:50.594   945  5476 E PQ      : [PQ][PQSessionManager] PQSessionManager::getPQSession m_PQSupport == 0
07-26 12:37:50.595   978  1834 E BufferQueueDebug: [ThumbsUpHandler_L$_12966#0](this:0xb400007d57aa6948,id:-1,api:0,p:-1,c:-1) id info cannot be read from 'ThumbsUpHandler_L$_12966#0'
07-26 12:37:50.632  1431  1431 E DEVROOT#CIF:  VFI_processPdpCmd start
07-26 12:37:50.633   945  5476 E PQ      : [PQ][PQSessionManager] PQSessionManager::getPQSession m_PQSupport == 0
07-26 12:37:50.633  3450  3450 E MODManager: hideSubUIChargingInfo skip because mAODChargingInfoSubUiPresenter is null
07-26 12:37:50.646   978  1025 E BufferQueueDebug: [ThumbsUpHandler_R$_12966#0](this:0xb400007d57996948,id:-1,api:0,p:-1,c:-1) id info cannot be read from 'ThumbsUpHandler_R$_12966#0'
07-26 12:37:50.648   953   972 E DEVROOT#VND:  communicate start cmd:0xCF40, length:64
07-26 12:37:50.649   953   972 E DEVROOT#VND:  cmd [CF40] start...
07-26 12:37:50.649   953   972 E DEVROOT#VND:  SecnvmPowerOn isn't supported.
07-26 12:37:50.649   953   972 E DEVROOT#VND:  cmd [CF40] end...[-16777217]
07-26 12:37:50.654   953   972 E DEVROOT#VND:  communicate end -16777217 / length : 0
07-26 12:37:50.655  1431  1431 E DEVROOT#CIF:  Response buffer size is 0
07-26 12:37:50.655  1431  1431 E DEVROOT#CIF:  process_cmd was failed. (-16777217)
07-26 12:37:50.655  1431  1431 E DEVROOT#CIF:  VFI_processPdpCmd end (-16777217)
07-26 12:37:50.678   945  5476 E PQ      : [PQ][PQSessionManager] PQSessionManager::getPQSession m_PQSupport == 0
07-26 12:37:50.713   945  5476 E PQ      : [PQ][PQSessionManager] PQSessionManager::getPQSession m_PQSupport == 0
07-26 12:37:50.722  1431  1773 E MotionRecognitionService:  handler : SCREEN_ON end
07-26 12:37:50.722  1431  1431 E PocketModeEvent: ACTION_SCREEN_ON(by 4)
07-26 12:37:50.731  1431  1778 E PocketModeEvent: MSG_TYPE_START_SENSING
07-26 12:37:50.752   945  5476 E PQ      : [PQ][PQSessionManager] PQSessionManager::getPQSession m_PQSupport == 0
07-26 12:37:50.793   945  5476 E PQ      : [PQ][PQSessionManager] PQSessionManager::getPQSession m_PQSupport == 0
07-26 12:37:50.833   945  5476 E PQ      : [PQ][PQSessionManager] PQSessionManager::getPQSession m_PQSupport == 0
07-26 12:37:50.876   945  5476 E PQ      : [PQ][PQSessionManager] PQSessionManager::getPQSession m_PQSupport == 0
07-26 12:37:50.904  1431  1773 E MotionRecognitionService:   mReceiver.onReceive : ACTION_USER_PRESENT  :: UNLOCK SCREEN
07-26 12:37:50.911   941   960 E mtkpower@impl: [setMode] unknown type
07-26 12:37:50.917   945  5476 E PQ      : [PQ][PQSessionManager] PQSessionManager::getPQSession m_PQSupport == 0
07-26 12:37:50.953   945  5476 E PQ      : [PQ][PQSessionManager] PQSessionManager::getPQSession m_PQSupport == 0
07-26 12:37:50.993   945  5476 E PQ      : [PQ][PQSessionManager] PQSessionManager::getPQSession m_PQSupport == 0
07-26 12:37:51.037   945  5476 E PQ      : [PQ][PQSessionManager] PQSessionManager::getPQSession m_PQSupport == 0
07-26 12:37:51.072   945  5476 E PQ      : [PQ][PQSessionManager] PQSessionManager::getPQSession m_PQSupport == 0
07-26 12:37:51.114   945  5476 E PQ      : [PQ][PQSessionManager] PQSessionManager::getPQSession m_PQSupport == 0
07-26 12:37:51.126  3423  4488 E BtGatt.GattService: [GSIM LOG]: gsimLogHandler, msg: MESSAGE_SCAN_START, appName: com.google.uid.shared, scannerId: 6, reportDelayMillis=0
07-26 12:37:51.132  1161 12853 E CameraDeviceClient: notifyError: pid=5277, errorCode=3, errorStreamId=0, frameNumber=26
07-26 12:37:51.132  1161 12853 E CameraDeviceClient: notifyError: pid=5277, skipClientNotification=false
07-26 12:37:51.141  1161 12853 E Camera3-OutputStream: returnBufferCheckedLocked: A frame is dropped for stream 0 frame 26 , due to buffer error.
07-26 12:37:51.146  1161 12853 E CameraDeviceClient: notifyError: pid=5277, errorCode=3, errorStreamId=0, frameNumber=23
07-26 12:37:51.146  1161 12853 E CameraDeviceClient: notifyError: pid=5277, skipClientNotification=false
07-26 12:37:51.146  1161 12853 E CameraDeviceClient: notifyError: pid=5277, errorCode=3, errorStreamId=0, frameNumber=24
07-26 12:37:51.146  1161 12853 E CameraDeviceClient: notifyError: pid=5277, skipClientNotification=false
07-26 12:37:51.148  1161 12853 E CameraDeviceClient: notifyError: pid=5277, errorCode=3, errorStreamId=0, frameNumber=25
07-26 12:37:51.148  1161 12853 E CameraDeviceClient: notifyError: pid=5277, skipClientNotification=false
07-26 12:37:51.148  1161 12853 E Camera3-OutputStream: returnBufferCheckedLocked: A frame is dropped for stream 0 frame 23 , due to buffer error.
07-26 12:37:51.149  1161 12853 E Camera3-OutputStream: returnBufferCheckedLocked: A frame is dropped for stream 0 frame 24 , due to buffer error.
07-26 12:37:51.151  1161 12853 E Camera3-OutputStream: returnBufferCheckedLocked: A frame is dropped for stream 0 frame 25 , due to buffer error.
07-26 12:37:51.169  1161 28767 E CameraDeviceClient: Disconnect from CameraDeviceClient
07-26 12:37:51.183  1431  3544 E AppOps  : Operation not started: uid=5021 pkg=com.samsung.adaptivebrightnessgo(null) op=CAMERA
07-26 12:37:51.205  1161 28767 E Camera2-FrameProcessorBase: removeListener: 
07-26 12:37:51.224   945  1145 E BWC     : MTK_IOC_SMI_BWC_INFO_GET failed.:Inappropriate ioctl for device
07-26 12:37:51.226   945  1145 E BWC     : MTK_IOC_SMI_BWC_INFO_SET failed.:Inappropriate ioctl for device
07-26 12:37:51.246  1431  1784 E SensorService: BigData:Pakage) 4 already enabled. 
07-26 12:37:51.390  1431  3290 E WifiVendorHal: getUsableChannels(l.3884) failed {.code = ERROR_NOT_SUPPORTED, .description = }
07-26 12:37:51.507  3423  4488 E BtGatt.GattService: [GSIM LOG]: gsimLogHandler, msg: MESSAGE_ADV_SET_STOP, appName: com.google.uid.shared, id: 1, isLegacy: true
07-26 12:37:51.515 26696 17444 E DirectThreadLoader: thread fetch failed for an unknown reason
07-26 12:37:51.535  3423  4488 E BtGatt.GattService: [GSIM LOG]: gsimLogHandler, msg: MESSAGE_ADV_SET_START, appName: com.google.uid.shared, id: 0, isLegacy: true
07-26 12:37:51.570 26696 17444 E StellaIntentHelper: Failed getting package info
07-26 12:37:51.570 26696 17444 E StellaIntentHelper: android.content.pm.PackageManager$NameNotFoundException: com.facebook.stella
07-26 12:37:51.570 26696 17444 E StellaIntentHelper: 	at android.app.ApplicationPackageManager.getPackageInfoAsUser(ApplicationPackageManager.java:293)
07-26 12:37:51.570 26696 17444 E StellaIntentHelper: 	at android.app.ApplicationPackageManager.getPackageInfo(ApplicationPackageManager.java:265)
07-26 12:37:51.570 26696 17444 E StellaIntentHelper: 	at X.DUA.A00(:60)
07-26 12:37:51.570 26696 17444 E StellaIntentHelper: 	at X.6xg.A0D(:134)
07-26 12:37:51.570 26696 17444 E StellaIntentHelper: 	at X.6uv.A00(:151)
07-26 12:37:51.570 26696 17444 E StellaIntentHelper: 	at X.Ew7.run(:42)
07-26 12:37:51.570 26696 17444 E StellaIntentHelper: 	at X.3Ps.A00(:107)
07-26 12:37:51.570 26696 17444 E StellaIntentHelper: 	at X.6xg.A0F(:69)
07-26 12:37:51.570 26696 17444 E StellaIntentHelper: 	at X.6uv.A08(:1386)
07-26 12:37:51.570 26696 17444 E StellaIntentHelper: 	at X.3Mo.A05(:539)
07-26 12:37:51.570 26696 17444 E StellaIntentHelper: 	at X.3LZ.run(:251)
07-26 12:37:51.570 26696 17444 E StellaIntentHelper: 	at X.3MM.run(:2)
07-26 12:37:51.570 26696 17444 E StellaIntentHelper: 	at X.3om.run(:26)
07-26 12:37:51.570 26696 17444 E StellaIntentHelper: 	at X.3om.run(:26)
07-26 12:37:51.570 26696 17444 E StellaIntentHelper: 	at X.3ox.A00(:110)
07-26 12:37:51.570 26696 17444 E StellaIntentHelper: 	at X.3ox.run(:109)
07-26 12:37:51.570 26696 17444 E StellaIntentHelper: Failed getting package info
07-26 12:37:51.579  1431  3860 E SLocation: SPManager - response is null!
07-26 12:37:51.586  3423  4488 E BtGatt.GattService: [GSIM LOG]: gsimLogHandler, msg: MESSAGE_ADV_SET_START, appName: com.google.uid.shared, id: 1, isLegacy: false
07-26 12:37:51.608  3423  4488 E BtGatt.GattService: [GSIM LOG]: gsimLogHandler, msg: MESSAGE_ADV_SET_START, appName: com.google.uid.shared, id: 2, isLegacy: true
07-26 12:37:51.630 26696 26805 E msys    : E[N mns]_OnDiskCacheGetData(542)=>Start post callback cache refresh DNS resolution
07-26 12:37:51.637 26696 26805 E MvfstCallbacks.cpp: onConnectionSetupError: error=TransportError: Internal Error, Error on socket write Operation not permitted, 
07-26 12:37:51.644 26696 26805 E MvfstCallbacks.cpp: onConnectionSetupError: error=TransportError: Internal Error, Error on socket write Operation not permitted, 
07-26 12:37:51.645  1431  1533 E WindowManager: win=Window{32d3e70 u0 SnapshotStartingWindow for taskId=3505 EXITING} destroySurfaces: appStopped=false win.mWindowRemovalAllowed=true win.mRemoveOnExit=true win.mViewVisibility=0 caller=com.android.server.wm.ActivityRecord.destroySurfaces:5873 com.android.server.wm.ActivityRecord.destroySurfaces:5854 com.android.server.wm.WindowState.onExitAnimationDone:5983 com.android.server.wm.WindowStateAnimator.onAnimationFinished:242 com.android.server.wm.WindowState.onAnimationFinished:6236 com.android.server.wm.WindowContainer$$ExternalSyntheticLambda0.onAnimationFinished:2 com.android.server.wm.SurfaceAnimator.lambda$getFinishedCallback$0$SurfaceAnimator:113 
07-26 12:37:51.645 26696 26805 E msys    : E[N mns]_OnDiskCacheGetData(542)=>Start post callback cache refresh DNS resolution
07-26 12:37:51.649 26696 26805 E msys    : E[N mns]_LogError(204)=>Failed to resolve using system DNS resolver, getaddrinfo(): No address associated with hostname
07-26 12:37:51.657 26696 26805 E msys    : E[N mns]_LogError(204)=>Failed to resolve using system DNS resolver, getaddrinfo(): No address associated with hostname
07-26 12:37:51.671  3423  3446 E BluetoothUtils: Permission denial: Need ACCESS_FINE_LOCATION permission to get scan results
07-26 12:37:51.678  3423  4488 E BtGatt.GattService: [GSIM LOG]: gsimLogHandler, msg: MESSAGE_SCAN_START, appName: android.uid.bcmgr, scannerId: 7, reportDelayMillis=0
07-26 12:37:51.681  1431  3290 E WifiVendorHal: getWifiLinkLayerStats_1_5_Internal(l.1191) failed {.code = ERROR_NOT_SUPPORTED, .description = }
07-26 12:37:51.686  3423  5009 E BtGatt.ContextMap: remove() - removed: 4
07-26 12:37:51.688  1431  3290 E WifiVendorHal: getWifiLinkLayerStats_1_5_Internal(l.1191) failed {.code = ERROR_NOT_SUPPORTED, .description = }
07-26 12:37:51.722 16392 26363 E LoadedApk: Exception : java.lang.NullPointerException: Attempt to invoke virtual method 'boolean android.os.Looper.isPerfLogEnable()' on a null object reference
07-26 12:37:51.738  1431  5949 E AppOps  : evalMode() Foreground mode : uid - 10531, op - 1, capability - 0
07-26 12:37:51.749  3423  4488 E BtGatt.GattService: [GSIM LOG]: gsimLogHandler, msg: MESSAGE_SCAN_STOP, appName: android.uid.mdxkit, scannerId: 4, reportDelayMillis=0
07-26 12:37:51.787  3423  4488 E BtGatt.GattService: [GSIM LOG]: gsimLogHandler, msg: MESSAGE_SCAN_START, appName: android.uid.mdxkit, scannerId: 4, reportDelayMillis=0
07-26 12:37:51.793 16392 26253 E LoadedApk: Exception : java.lang.NullPointerException: Attempt to invoke virtual method 'boolean android.os.Looper.isPerfLogEnable()' on a null object reference
07-26 12:37:51.799  3423  4488 E BtGatt.GattService: [GSIM LOG]: gsimLogHandler, msg: MESSAGE_SCAN_START, appName: com.samsung.android.mcfserver, scannerId: 8, reportDelayMillis=0
07-26 12:37:51.808 16392 26253 E LoadedApk: Exception : java.lang.NullPointerException: Attempt to invoke virtual method 'boolean android.os.Looper.isPerfLogEnable()' on a null object reference
07-26 12:37:51.809  3423  4488 E BtGatt.GattService: [GSIM LOG]: gsimLogHandler, msg: MESSAGE_SCAN_START, appName: com.samsung.android.mcfserver, scannerId: 9, reportDelayMillis=0
07-26 12:37:52.712  3423  4483 E LeLogInfo: invalid scanMode
07-26 12:37:52.715  3423  4488 E BtGatt.GattService: [GSIM LOG]: gsimLogHandler, msg: MESSAGE_SCAN_START, appName: com.google.uid.shared, scannerId: 11, reportDelayMillis=0
07-26 12:37:52.802   927   927 E android.hardware.health@2.1-service-samsung: Could not open /sys/class/power_supply/battery/lrp
07-26 12:37:52.811  3450  4657 E PowerUI.Notification: no saved value, so we do nothing !!
07-26 12:37:53.268   978  1027 E BufferQueueDebug: [EdgeLightingWindow$_15541#0](this:0xb400007d5f55c948,id:-1,api:0,p:-1,c:-1) id info cannot be read from 'EdgeLightingWindow$_15541#0'
07-26 12:37:53.543  3423  4488 E BtGatt.GattService: [GSIM LOG]: gsimLogHandler, msg: MESSAGE_ADV_SET_STOP, appName: com.google.uid.shared, id: 0, isLegacy: true
07-26 12:37:54.160 26696 26842 E StellaIntentHelper: Failed getting package info
07-26 12:37:54.160 26696 26842 E StellaIntentHelper: android.content.pm.PackageManager$NameNotFoundException: com.facebook.stella
07-26 12:37:54.160 26696 26842 E StellaIntentHelper: 	at android.app.ApplicationPackageManager.getPackageInfoAsUser(ApplicationPackageManager.java:293)
07-26 12:37:54.160 26696 26842 E StellaIntentHelper: 	at android.app.ApplicationPackageManager.getPackageInfo(ApplicationPackageManager.java:265)
07-26 12:37:54.160 26696 26842 E StellaIntentHelper: 	at X.DUA.A00(:60)
07-26 12:37:54.160 26696 26842 E StellaIntentHelper: 	at X.6xg.A0D(:134)
07-26 12:37:54.160 26696 26842 E StellaIntentHelper: 	at X.6uv.A00(:151)
07-26 12:37:54.160 26696 26842 E StellaIntentHelper: 	at X.Ew7.run(:42)
07-26 12:37:54.160 26696 26842 E StellaIntentHelper: 	at X.3Ps.A00(:107)
07-26 12:37:54.160 26696 26842 E StellaIntentHelper: 	at X.6xg.A0F(:69)
07-26 12:37:54.160 26696 26842 E StellaIntentHelper: 	at X.6uv.A08(:1386)
07-26 12:37:54.160 26696 26842 E StellaIntentHelper: 	at X.3Mo.A05(:539)
07-26 12:37:54.160 26696 26842 E StellaIntentHelper: 	at X.3LZ.run(:251)
07-26 12:37:54.160 26696 26842 E StellaIntentHelper: 	at X.3MM.run(:2)
07-26 12:37:54.160 26696 26842 E StellaIntentHelper: 	at X.3om.run(:26)
07-26 12:37:54.160 26696 26842 E StellaIntentHelper: 	at X.3om.run(:26)
07-26 12:37:54.160 26696 26842 E StellaIntentHelper: 	at X.3ox.A00(:110)
07-26 12:37:54.160 26696 26842 E StellaIntentHelper: 	at X.3ox.run(:109)
07-26 12:37:54.160 26696 26842 E StellaIntentHelper: Failed getting package info
07-26 12:37:54.204 26696 26805 E msys    : E[N mns]_OnDiskCacheGetData(542)=>Start post callback cache refresh DNS resolution
07-26 12:37:54.218 26696 26805 E MvfstCallbacks.cpp: onConnectionSetupError: error=TransportError: Internal Error, Error on socket write Operation not permitted, 
07-26 12:37:54.226 26696 26805 E MvfstCallbacks.cpp: onConnectionSetupError: error=TransportError: Internal Error, Error on socket write Operation not permitted, 
07-26 12:37:54.226 26696 26805 E msys    : E[N mns]_LogError(204)=>Failed to resolve using system DNS resolver, getaddrinfo(): No address associated with hostname
07-26 12:37:54.226 26696 26805 E msys    : E[N mns]_OnDiskCacheGetData(542)=>Start post callback cache refresh DNS resolution
07-26 12:37:54.240 26696 26805 E msys    : E[N mns]_LogError(204)=>Failed to resolve using system DNS resolver, getaddrinfo(): No address associated with hostname
07-26 12:37:54.710  1431  3290 E WifiVendorHal: getWifiLinkLayerStats_1_5_Internal(l.1191) failed {.code = ERROR_NOT_SUPPORTED, .description = }
07-26 12:37:54.751  1431  5892 E AppOps  : evalMode() Foreground mode : uid - 10531, op - 1, capability - 0
07-26 12:37:55.043 26696 26805 E msys    : E[N mns]_OnDiskCacheGetData(542)=>Start post callback cache refresh DNS resolution
07-26 12:37:55.053 26696 26805 E MvfstCallbacks.cpp: onConnectionSetupError: error=TransportError: Internal Error, Error on socket write Operation not permitted, 
07-26 12:37:55.068 26696 26805 E MvfstCallbacks.cpp: onConnectionSetupError: error=TransportError: Internal Error, Error on socket write Operation not permitted, 
07-26 12:37:55.069 26696 26805 E msys    : E[N mns]_LogError(204)=>Failed to resolve using system DNS resolver, getaddrinfo(): No address associated with hostname
